Component: ARM Compiler 5.06 update 5 (build 528) Tool: armlink [4d35e2]

==============================================================================

Section Cross References

    startup_stm32f10x_hd.o(STACK) refers (Special) to heapauxi.o(.text) for __use_two_region_memory
    startup_stm32f10x_hd.o(HEAP) refers (Special) to heapauxi.o(.text) for __use_two_region_memory
    startup_stm32f10x_hd.o(RESET) refers (Special) to heapauxi.o(.text) for __use_two_region_memory
    startup_stm32f10x_hd.o(RESET) refers to startup_stm32f10x_hd.o(STACK) for __initial_sp
    startup_stm32f10x_hd.o(RESET) refers to startup_stm32f10x_hd.o(.text) for Reset_Handler
    startup_stm32f10x_hd.o(RESET) refers to stm32f10x_it.o(i.NMI_Handler) for NMI_Handler
    startup_stm32f10x_hd.o(RESET) refers to stm32f10x_it.o(i.HardFault_Handler) for HardFault_Handler
    startup_stm32f10x_hd.o(RESET) refers to stm32f10x_it.o(i.MemManage_Handler) for MemManage_Handler
    startup_stm32f10x_hd.o(RESET) refers to stm32f10x_it.o(i.BusFault_Handler) for BusFault_Handler
    startup_stm32f10x_hd.o(RESET) refers to stm32f10x_it.o(i.UsageFault_Handler) for UsageFault_Handler
    startup_stm32f10x_hd.o(RESET) refers to stm32f10x_it.o(i.SVC_Handler) for SVC_Handler
    startup_stm32f10x_hd.o(RESET) refers to stm32f10x_it.o(i.DebugMon_Handler) for DebugMon_Handler
    startup_stm32f10x_hd.o(RESET) refers to stm32f10x_it.o(i.PendSV_Handler) for PendSV_Handler
    startup_stm32f10x_hd.o(RESET) refers to stm32f10x_it.o(i.SysTick_Handler) for SysTick_Handler
    startup_stm32f10x_hd.o(RESET) refers to exti.o(i.EXTI9_5_IRQHandler) for EXTI9_5_IRQHandler
    startup_stm32f10x_hd.o(.text) refers (Special) to heapauxi.o(.text) for __use_two_region_memory
    startup_stm32f10x_hd.o(.text) refers to system_stm32f10x.o(i.SystemInit) for SystemInit
    startup_stm32f10x_hd.o(.text) refers to __main.o(!!!main) for __main
    startup_stm32f10x_hd.o(.text) refers to startup_stm32f10x_hd.o(HEAP) for Heap_Mem
    startup_stm32f10x_hd.o(.text) refers to startup_stm32f10x_hd.o(STACK) for Stack_Mem
    system_stm32f10x.o(i.SetSysClock) refers to system_stm32f10x.o(i.SetSysClockTo72) for SetSysClockTo72
    system_stm32f10x.o(i.SystemCoreClockUpdate) refers to system_stm32f10x.o(.data) for SystemCoreClock
    system_stm32f10x.o(i.SystemInit) refers to system_stm32f10x.o(i.SetSysClock) for SetSysClock
    stm32f10x_adc.o(i.ADC_DeInit) refers to stm32f10x_rcc.o(i.RCC_APB2PeriphResetCmd) for RCC_APB2PeriphResetCmd
    stm32f10x_bkp.o(i.BKP_DeInit) refers to stm32f10x_rcc.o(i.RCC_BackupResetCmd) for RCC_BackupResetCmd
    stm32f10x_can.o(i.CAN_DeInit) refers to stm32f10x_rcc.o(i.RCC_APB1PeriphResetCmd) for RCC_APB1PeriphResetCmd
    stm32f10x_can.o(i.CAN_GetITStatus) refers to stm32f10x_can.o(i.CheckITStatus) for CheckITStatus
    stm32f10x_cec.o(i.CEC_DeInit) refers to stm32f10x_rcc.o(i.RCC_APB1PeriphResetCmd) for RCC_APB1PeriphResetCmd
    stm32f10x_dac.o(i.DAC_DeInit) refers to stm32f10x_rcc.o(i.RCC_APB1PeriphResetCmd) for RCC_APB1PeriphResetCmd
    stm32f10x_flash.o(i.FLASH_EnableWriteProtection) refers to stm32f10x_flash.o(i.FLASH_WaitForLastOperation) for FLASH_WaitForLastOperation
    stm32f10x_flash.o(i.FLASH_EraseAllBank1Pages) refers to stm32f10x_flash.o(i.FLASH_WaitForLastBank1Operation) for FLASH_WaitForLastBank1Operation
    stm32f10x_flash.o(i.FLASH_EraseAllPages) refers to stm32f10x_flash.o(i.FLASH_WaitForLastOperation) for FLASH_WaitForLastOperation
    stm32f10x_flash.o(i.FLASH_EraseOptionBytes) refers to stm32f10x_flash.o(i.FLASH_GetReadOutProtectionStatus) for FLASH_GetReadOutProtectionStatus
    stm32f10x_flash.o(i.FLASH_EraseOptionBytes) refers to stm32f10x_flash.o(i.FLASH_WaitForLastOperation) for FLASH_WaitForLastOperation
    stm32f10x_flash.o(i.FLASH_ErasePage) refers to stm32f10x_flash.o(i.FLASH_WaitForLastOperation) for FLASH_WaitForLastOperation
    stm32f10x_flash.o(i.FLASH_ProgramHalfWord) refers to stm32f10x_flash.o(i.FLASH_WaitForLastOperation) for FLASH_WaitForLastOperation
    stm32f10x_flash.o(i.FLASH_ProgramOptionByteData) refers to stm32f10x_flash.o(i.FLASH_WaitForLastOperation) for FLASH_WaitForLastOperation
    stm32f10x_flash.o(i.FLASH_ProgramWord) refers to stm32f10x_flash.o(i.FLASH_WaitForLastOperation) for FLASH_WaitForLastOperation
    stm32f10x_flash.o(i.FLASH_ReadOutProtection) refers to stm32f10x_flash.o(i.FLASH_WaitForLastOperation) for FLASH_WaitForLastOperation
    stm32f10x_flash.o(i.FLASH_UserOptionByteConfig) refers to stm32f10x_flash.o(i.FLASH_WaitForLastOperation) for FLASH_WaitForLastOperation
    stm32f10x_flash.o(i.FLASH_WaitForLastBank1Operation) refers to stm32f10x_flash.o(i.FLASH_GetBank1Status) for FLASH_GetBank1Status
    stm32f10x_flash.o(i.FLASH_WaitForLastOperation) refers to stm32f10x_flash.o(i.FLASH_GetBank1Status) for FLASH_GetBank1Status
    stm32f10x_gpio.o(i.GPIO_AFIODeInit) refers to stm32f10x_rcc.o(i.RCC_APB2PeriphResetCmd) for RCC_APB2PeriphResetCmd
[...]
    Removing stm32f10x_tim.o(i.TIM_SelectMasterSlaveMode), (18 bytes).
    Removing stm32f10x_tim.o(i.TIM_SelectOCxM), (82 bytes).
    Removing stm32f10x_tim.o(i.TIM_SelectOnePulseMode), (18 bytes).
    Removing stm32f10x_tim.o(i.TIM_SelectOutputTrigger), (18 bytes).
    Removing stm32f10x_tim.o(i.TIM_SelectSlaveMode), (18 bytes).
    Removing stm32f10x_tim.o(i.TIM_SetAutoreload), (4 bytes).
    Removing stm32f10x_tim.o(i.TIM_SetClockDivision), (18 bytes).
    Removing stm32f10x_tim.o(i.TIM_SetCompare1), (4 bytes).
    Removing stm32f10x_tim.o(i.TIM_SetCompare2), (4 bytes).
    Removing stm32f10x_tim.o(i.TIM_SetCompare4), (6 bytes).
    Removing stm32f10x_tim.o(i.TIM_SetCounter), (4 bytes).
    Removing stm32f10x_tim.o(i.TIM_SetIC1Prescaler), (18 bytes).
    Removing stm32f10x_tim.o(i.TIM_SetIC2Prescaler), (26 bytes).
    Removing stm32f10x_tim.o(i.TIM_SetIC3Prescaler), (18 bytes).
    Removing stm32f10x_tim.o(i.TIM_SetIC4Prescaler), (26 bytes).
    Removing stm32f10x_tim.o(i.TIM_TIxExternalClockConfig), (62 bytes).
    Removing stm32f10x_tim.o(i.TIM_TimeBaseStructInit), (18 bytes).
    Removing stm32f10x_tim.o(i.TIM_UpdateDisableConfig), (24 bytes).
    Removing stm32f10x_tim.o(i.TIM_UpdateRequestConfig), (24 bytes).
    Removing stm32f10x_usart.o(i.USART_ClearFlag), (18 bytes).
    Removing stm32f10x_usart.o(i.USART_ClearITPendingBit), (30 bytes).
    Removing stm32f10x_usart.o(i.USART_ClockInit), (34 bytes).
    Removing stm32f10x_usart.o(i.USART_ClockStructInit), (12 bytes).
    Removing stm32f10x_usart.o(i.USART_Cmd), (24 bytes).
    Removing stm32f10x_usart.o(i.USART_DMACmd), (18 bytes).
    Removing stm32f10x_usart.o(i.USART_DeInit), (156 bytes).
    Removing stm32f10x_usart.o(i.USART_GetFlagStatus), (26 bytes).
    Removing stm32f10x_usart.o(i.USART_GetITStatus), (84 bytes).
    Removing stm32f10x_usart.o(i.USART_HalfDuplexCmd), (24 bytes).
    Removing stm32f10x_usart.o(i.USART_ITConfig), (74 bytes).
    Removing stm32f10x_usart.o(i.USART_Init), (216 bytes).
    Removing stm32f10x_usart.o(i.USART_IrDACmd), (24 bytes).
    Removing stm32f10x_usart.o(i.USART_IrDAConfig), (18 bytes).
    Removing stm32f10x_usart.o(i.USART_LINBreakDetectLengthConfig), (18 bytes).
    Removing stm32f10x_usart.o(i.USART_LINCmd), (24 bytes).
    Removing stm32f10x_usart.o(i.USART_OneBitMethodCmd), (24 bytes).
    Removing stm32f10x_usart.o(i.USART_OverSampling8Cmd), (22 bytes).
    Removing stm32f10x_usart.o(i.USART_ReceiveData), (10 bytes).
    Removing stm32f10x_usart.o(i.USART_ReceiverWakeUpCmd), (24 bytes).
    Removing stm32f10x_usart.o(i.USART_SendBreak), (10 bytes).
    Removing stm32f10x_usart.o(i.USART_SendData), (8 bytes).
    Removing stm32f10x_usart.o(i.USART_SetAddress), (18 bytes).
    Removing stm32f10x_usart.o(i.USART_SetGuardTime), (16 bytes).
    Removing stm32f10x_usart.o(i.USART_SetPrescaler), (16 bytes).
    Removing stm32f10x_usart.o(i.USART_SmartCardCmd), (24 bytes).
    Removing stm32f10x_usart.o(i.USART_SmartCardNACKCmd), (24 bytes).
    Removing stm32f10x_usart.o(i.USART_StructInit), (24 bytes).
    Removing stm32f10x_usart.o(i.USART_WakeUpConfig), (18 bytes).
    Removing stm32f10x_wwdg.o(i.WWDG_ClearFlag), (12 bytes).
    Removing stm32f10x_wwdg.o(i.WWDG_DeInit), (22 bytes).
    Removing stm32f10x_wwdg.o(i.WWDG_Enable), (16 bytes).
    Removing stm32f10x_wwdg.o(i.WWDG_EnableIT), (12 bytes).
    Removing stm32f10x_wwdg.o(i.WWDG_GetFlagStatus), (12 bytes).
    Removing stm32f10x_wwdg.o(i.WWDG_SetCounter), (16 bytes).
    Removing stm32f10x_wwdg.o(i.WWDG_SetPrescaler), (24 bytes).
    Removing stm32f10x_wwdg.o(i.WWDG_SetWindowValue), (40 bytes).
    Removing oled.o(i.IICAdress), (26 bytes).
    Removing oled.o(i.IICWrite), (164 bytes).
    Removing oled.o(i.IIC_Start), (76 bytes).
    Removing oled.o(i.IIC_Stop), (76 bytes).
    Removing oled.o(i.OLED_Clear), (56 bytes).
    Removing oled.o(i.OLED_DrawBMP), (116 bytes).
    Removing oled.o(i.OLED_Init), (232 bytes).
    Removing oled.o(i.OLED_On), (56 bytes).
    Removing oled.o(i.OLED_Pow), (20 bytes).
    Removing oled.o(i.OLED_Set_Pos), (36 bytes).
    Removing oled.o(i.OLED_ShowCHinese), (96 bytes).
    Removing oled.o(i.OLED_ShowChar), (156 bytes).
    Removing oled.o(i.OLED_ShowNum), (74 bytes).
    Removing oled.o(i.OLED_ShowSignedNum), (168 bytes).
    Removing oled.o(i.OLED_ShowString), (54 bytes).
    Removing oled.o(i.Write_IIC_Command), (32 bytes).
    Removing oled.o(i.Write_IIC_Data), (32 bytes).
    Removing oled.o(.constdata), (2328 bytes).
    Removing oled.o(.data), (512 bytes).
    Removing lcd_spi_169.o(i.LCD_ClearRect), (192 bytes).
    Removing lcd_spi_169.o(i.LCD_DisplayChinese), (288 bytes).
    Removing lcd_spi_169.o(i.LCD_DisplayDecimals), (96 bytes).
    Removing lcd_spi_169.o(i.LCD_DisplayText), (80 bytes).
    Removing lcd_spi_169.o(i.LCD_DrawCircle), (148 bytes).
    Removing lcd_spi_169.o(i.LCD_DrawEllipse), (520 bytes).
    Removing lcd_spi_169.o(i.LCD_DrawImage), (308 bytes).
    Removing lcd_spi_169.o(i.LCD_DrawLine), (300 bytes).
    Removing lcd_spi_169.o(i.LCD_DrawLine_H), (68 bytes).
    Removing lcd_spi_169.o(i.LCD_DrawLine_V), (68 bytes).
    Removing lcd_spi_169.o(i.LCD_DrawPoint), (72 bytes).
    Removing lcd_spi_169.o(i.LCD_DrawRect), (64 bytes).
    Removing lcd_spi_169.o(i.LCD_FillCircle), (138 bytes).
    Removing lcd_spi_169.o(i.LCD_FillRect), (192 bytes).
    Removing lcd_image.o(.constdata), (3652 bytes).
    Removing delay.o(i.delay_us), (76 bytes).
    Removing usrat.o(i.USART_ReceiveByte), (32 bytes).
    Removing usrat.o(i.USART_SendByte), (28 bytes).
    Removing usrat.o(i.USART_SendString), (40 bytes).
    Removing usrat.o(i.fgetc), (32 bytes).
    Removing usrat.o(i.fputc), (36 bytes).
    Removing usrat.o(i.uart1), (124 bytes).
    Removing usrat.o(.data), (4 bytes).

496 unused section(s) (total 28890 bytes) removed from the image.

==============================================================================

Image Symbol Table

    Local Symbols

    Symbol Name                              Value     Ov Type        Size  Object(Section)

    ../clib/angel/boardlib.s                 0x00000000   Number         0  boardinit3.o ABSOLUTE
    ../clib/angel/boardlib.s                 0x00000000   Number         0  boardinit2.o ABSOLUTE
    ../clib/angel/boardlib.s                 0x00000000   Number         0  boardinit1.o ABSOLUTE
    ../clib/angel/boardlib.s                 0x00000000   Number         0  boardshut.o ABSOLUTE
    ../clib/angel/handlers.s                 0x00000000   Number         0  __scatter_zi.o ABSOLUTE
    ../clib/angel/handlers.s                 0x00000000   Number         0  __scatter_copy.o ABSOLUTE
    ../clib/angel/kernel.s                   0x00000000   Number         0  rtexit2.o ABSOLUTE
    ../clib/angel/kernel.s                   0x00000000   Number         0  rtexit.o ABSOLUTE
    ../clib/angel/kernel.s                   0x00000000   Number         0  __rtentry2.o ABSOLUTE
    ../clib/angel/kernel.s                   0x00000000   Number         0  __rtentry.o ABSOLUTE
    ../clib/angel/kernel.s                   0x00000000   Number         0  __rtentry4.o ABSOLUTE
    ../clib/angel/rt.s                       0x00000000   Number         0  rt_raise.o ABSOLUTE
    ../clib/angel/rt.s                       0x00000000   Number         0  rt_locale_intlibspace.o ABSOLUTE
    ../clib/angel/rt.s                       0x00000000   Number         0  rt_locale.o ABSOLUTE
    ../clib/angel/scatter.s                  0x00000000   Number         0  __scatter.o ABSOLUTE
    ../clib/angel/startup.s                  0x00000000   Number         0  __main.o ABSOLUTE
    ../clib/angel/sys.s                      0x00000000   Number         0  indicate_semi.o ABSOLUTE
    ../clib/angel/sys.s                      0x00000000   Number         0  sys_stackheap_outer.o ABSOLUTE
    ../clib/angel/sys.s                      0x00000000   Number         0  libspace.o ABSOLUTE
    ../clib/angel/sys.s                      0x00000000   Number         0  use_no_semi_2.o ABSOLUTE
    ../clib/angel/sys.s                      0x00000000   Number         0  use_no_semi.o ABSOLUTE
    ../clib/angel/sysapp.c                   0x00000000   Number         0  sys_wrch.o ABSOLUTE
    ../clib/angel/sysapp.c                   0x00000000   Number         0  sys_command.o ABSOLUTE
    ../clib/armsys.c                         0x00000000   Number         0  argv_veneer.o ABSOLUTE
    ../clib/armsys.c                         0x00000000   Number         0  argv_veneer.o ABSOLUTE
    ../clib/armsys.c                         0x00000000   Number         0  _get_argv_nomalloc.o ABSOLUTE
    ../clib/armsys.c                         0x00000000   Number         0  no_argv.o ABSOLUTE
    ../clib/bigflt.c                         0x00000000   Number         0  bigflt0.o ABSOLUTE
    ../clib/btod.s                           0x00000000   Number         0  btod.o ABSOLUTE
    ../clib/heapalloc.c                      0x00000000   Number         0  hrguard.o ABSOLUTE
    ../clib/heapaux.c                        0x00000000   Number         0  heapauxi.o ABSOLUTE
    ../clib/libinit.s                        0x00000000   Number         0  libinit.o ABSOLUTE
    ../clib/libinit.s                        0x00000000   Number         0  libshutdown.o ABSOLUTE
    ../clib/libinit.s                        0x00000000   Number         0  libinit2.o ABSOLUTE
    ../clib/libinit.s                        0x00000000   Number         0  libshutdown2.o ABSOLUTE
    ../clib/locale.s                         0x00000000   Number         0  lc_numeric_c.o ABSOLUTE
    ../clib/longlong.s                       0x00000000   Number         0  lludiv10.o ABSOLUTE
    ../clib/memcpset.s                       0x00000000   Number         0  rt_memclr_w.o ABSOLUTE
    ../clib/memcpset.s                       0x00000000   Number         0  strcmpv7m.o ABSOLUTE
    ../clib/memcpset.s                       0x00000000   Number         0  rt_memcpy_w.o ABSOLUTE
    ../clib/misc.s                           0x00000000   Number         0  printf_stubs.o ABSOLUTE
    ../clib/printf.c                         0x00000000   Number         0  _printf_fp_dec.o ABSOLUTE
    ../clib/printf.c                         0x00000000   Number         0  __printf_flags.o ABSOLUTE
    ../clib/printf.c                         0x00000000   Number         0  __printf_flags_wp.o ABSOLUTE
    ../clib/printf.c                         0x00000000   Number         0  __printf_ss.o ABSOLUTE
    ../clib/printf.c                         0x00000000   Number         0  __printf_wp.o ABSOLUTE
    ../clib/printf.c                         0x00000000   Number         0  _printf_intcommon.o ABSOLUTE
    ../clib/printf.c                         0x00000000   Number         0  _printf_dec.o ABSOLUTE
    ../clib/printf.c                         0x00000000   Number         0  _printf_char_common.o ABSOLUTE
    ../clib/printf.c                         0x00000000   Number         0  __printf_ss_wp.o ABSOLUTE
    ../clib/printf.c                         0x00000000   Number         0  _sputc.o ABSOLUTE
    ../clib/printf.c                         0x00000000   Number         0  _printf_fp_infnan.o ABSOLUTE
    ../clib/printf.c                         0x00000000   Number         0  __printf_nopercent.o ABSOLUTE
    ../clib/printf.c                         0x00000000   Number         0  __printf_flags_ss.o ABSOLUTE
    ../clib/printf.c                         0x00000000   Number         0  _printf_pad.o ABSOLUTE
    ../clib/printf.c                         0x00000000   Number         0  __2sprintf.o ABSOLUTE
    ../clib/printf.c                         0x00000000   Number         0  __printf.o ABSOLUTE
    ../clib/printf.c                         0x00000000   Number         0  noretval__2sprintf.o ABSOLUTE
    ../clib/printf.c                         0x00000000   Number         0  __printf_flags_ss_wp.o ABSOLUTE
    ../clib/printf_percent.s                 0x00000000   Number         0  _printf_f.o ABSOLUTE
    ../clib/printf_percent.s                 0x00000000   Number         0  _printf_percent_end.o ABSOLUTE
    ../clib/printf_percent.s                 0x00000000   Number         0  _printf_percent.o ABSOLUTE
    ../clib/printf_percent.s                 0x00000000   Number         0  _printf_d.o ABSOLUTE
    ../clib/signal.c                         0x00000000   Number         0  defsig_rtmem_outer.o ABSOLUTE
    ../clib/signal.c                         0x00000000   Number         0  defsig_rtmem_inner.o ABSOLUTE
    ../clib/signal.c                         0x00000000   Number         0  defsig_fpe_inner.o ABSOLUTE
    ../clib/signal.c                         0x00000000   Number         0  defsig_abrt_inner.o ABSOLUTE
    ../clib/signal.c                         0x00000000   Number         0  defsig_general.o ABSOLUTE
    ../clib/signal.c                         0x00000000   Number         0  __raise.o ABSOLUTE
    ../clib/signal.c                         0x00000000   Number         0  defsig_other.o ABSOLUTE
    ../clib/signal.c                         0x00000000   Number         0  defsig_exit.o ABSOLUTE
    ../clib/signal.c                         0x00000000   Number         0  defsig_rtmem_formal.o ABSOLUTE
    ../clib/signal.c                         0x00000000   Number         0  defsig_rtred_inner.o ABSOLUTE
    ../clib/signal.c                         0x00000000   Number         0  defsig_stak_inner.o ABSOLUTE
    ../clib/signal.c                         0x00000000   Number         0  defsig_pvfn_inner.o ABSOLUTE
    ../clib/signal.c                         0x00000000   Number         0  defsig_cppl_inner.o ABSOLUTE
    ../clib/signal.c                         0x00000000   Number         0  defsig_segv_inner.o ABSOLUTE
    ../clib/signal.s                         0x00000000   Number         0  defsig.o ABSOLUTE
    ../clib/stdlib.c                         0x00000000   Number         0  exit.o ABSOLUTE
    ../fplib/faddsub.s                       0x00000000   Number         0  faddsub_clz.o ABSOLUTE
    ../fplib/fcmpi.s                         0x00000000   Number         0  fcmpi.o ABSOLUTE
    ../fplib/fdiv.s                          0x00000000   Number         0  fdiv.o ABSOLUTE
    ../fplib/ffixu.s                         0x00000000   Number         0  ffixu.o ABSOLUTE
    ../fplib/fflt.s                          0x00000000   Number         0  fflt_clz.o ABSOLUTE
    ../fplib/fleqf.s                         0x00000000   Number         0  fleqf.o ABSOLUTE
    ../fplib/fmul.s                          0x00000000   Number         0  fmul.o ABSOLUTE
    ../fplib/fnaninf.s                       0x00000000   Number         0  fnaninf.o ABSOLUTE
    ../fplib/fpinit.s                        0x00000000   Number         0  fpinit.o ABSOLUTE
    ../fplib/fretinf.s                       0x00000000   Number         0  fretinf.o ABSOLUTE
    ../fplib/istatus.s                       0x00000000   Number         0  istatus.o ABSOLUTE
    ../fplib/printf1.s                       0x00000000   Number         0  printf1.o ABSOLUTE
    ../fplib/usenofp.s                       0x00000000   Number         0  usenofp.o ABSOLUTE
    ../mathlib/fpclassify.c                  0x00000000   Number         0  fpclassify.o ABSOLUTE
    ..\Libraries\CMSIS\arm\startup_stm32f10x_hd.s 0x00000000   Number         0  startup_stm32f10x_hd.o ABSOLUTE
    ..\Libraries\CMSIS\core_cm3.c            0x00000000   Number         0  core_cm3.o ABSOLUTE
    ..\Libraries\CMSIS\system_stm32f10x.c    0x00000000   Number         0  system_stm32f10x.o ABSOLUTE
    ..\Libraries\src\misc.c                  0x00000000   Number         0  misc.o ABSOLUTE
    ..\Libraries\src\stm32f10x_adc.c         0x00000000   Number         0  stm32f10x_adc.o ABSOLUTE
    ..\Libraries\src\stm32f10x_bkp.c         0x00000000   Number         0  stm32f10x_bkp.o ABSOLUTE
    ..\Libraries\src\stm32f10x_can.c         0x00000000   Number         0  stm32f10x_can.o ABSOLUTE
    ..\Libraries\src\stm32f10x_cec.c         0x00000000   Number         0  stm32f10x_cec.o ABSOLUTE
    ..\Libraries\src\stm32f10x_crc.c         0x00000000   Number         0  stm32f10x_crc.o ABSOLUTE
    ..\Libraries\src\stm32f10x_dac.c         0x00000000   Number         0  stm32f10x_dac.o ABSOLUTE
    ..\Libraries\src\stm32f10x_dbgmcu.c      0x00000000   Number         0  stm32f10x_dbgmcu.o ABSOLUTE
    ..\Libraries\src\stm32f10x_dma.c         0x00000000   Number         0  stm32f10x_dma.o ABSOLUTE
    ..\Libraries\src\stm32f10x_exti.c        0x00000000   Number         0  stm32f10x_exti.o ABSOLUTE
    ..\Libraries\src\stm32f10x_flash.c       0x00000000   Number         0  stm32f10x_flash.o ABSOLUTE
    ..\Libraries\src\stm32f10x_fsmc.c        0x00000000   Number         0  stm32f10x_fsmc.o ABSOLUTE
    ..\Libraries\src\stm32f10x_gpio.c        0x00000000   Number         0  stm32f10x_gpio.o ABSOLUTE
    ..\Libraries\src\stm32f10x_i2c.c         0x00000000   Number         0  stm32f10x_i2c.o ABSOLUTE
    ..\Libraries\src\stm32f10x_iwdg.c        0x00000000   Number         0  stm32f10x_iwdg.o ABSOLUTE
    ..\Libraries\src\stm32f10x_pwr.c         0x00000000   Number         0  stm32f10x_pwr.o ABSOLUTE
    ..\Libraries\src\stm32f10x_rcc.c         0x00000000   Number         0  stm32f10x_rcc.o ABSOLUTE
    ..\Libraries\src\stm32f10x_rtc.c         0x00000000   Number         0  stm32f10x_rtc.o ABSOLUTE
    ..\Libraries\src\stm32f10x_sdio.c        0x00000000   Number         0  stm32f10x_sdio.o ABSOLUTE
    ..\Libraries\src\stm32f10x_spi.c         0x00000000   Number         0  stm32f10x_spi.o ABSOLUTE
    ..\Libraries\src\stm32f10x_tim.c         0x00000000   Number         0  stm32f10x_tim.o ABSOLUTE
    ..\Libraries\src\stm32f10x_usart.c       0x00000000   Number         0  stm32f10x_usart.o ABSOLUTE
    ..\Libraries\src\stm32f10x_wwdg.c        0x00000000   Number         0  stm32f10x_wwdg.o ABSOLUTE
    ..\SYS\delay.c                           0x00000000   Number         0  delay.o ABSOLUTE
    ..\SYS\exti.c                            0x00000000   Number         0  exti.o ABSOLUTE
    ..\SYS\pwm.c                             0x00000000   Number         0  pwm.o ABSOLUTE
    ..\SYS\sys.c                             0x00000000   Number         0  sys.o ABSOLUTE
    ..\SYS\timer3.c                          0x00000000   Number         0  timer3.o ABSOLUTE
    ..\SYS\usrat.c                           0x00000000   Number         0  usrat.o ABSOLUTE
    ..\User\key.c                            0x00000000   Number         0  key.o ABSOLUTE
    ..\User\lcd_fonts.c                      0x00000000   Number         0  lcd_fonts.o ABSOLUTE
    ..\User\lcd_image.c                      0x00000000   Number         0  lcd_image.o ABSOLUTE
    ..\User\lcd_spi_169.c                    0x00000000   Number         0  lcd_spi_169.o ABSOLUTE
    ..\User\led.c                            0x00000000   Number         0  led.o ABSOLUTE
    ..\User\main.c                           0x00000000   Number         0  main.o ABSOLUTE
    ..\User\oled.c                           0x00000000   Number         0  oled.o ABSOLUTE
    ..\User\stm32f10x_it.c                   0x00000000   Number         0  stm32f10x_it.o ABSOLUTE
    ..\\Libraries\\CMSIS\\core_cm3.c         0x00000000   Number         0  core_cm3.o ABSOLUTE
    dc.s                                     0x00000000   Number         0  dc.o ABSOLUTE
    RESET                                    0x08000000   Section      304  startup_stm32f10x_hd.o(RESET)
    !!!main                                  0x08000130   Section        8  __main.o(!!!main)
    !!!scatter                               0x08000138   Section       52  __scatter.o(!!!scatter)
    !!handler_copy                           0x0800016c   Section       26  __scatter_copy.o(!!handler_copy)
    !!handler_zi                             0x08000188   Section       28  __scatter_zi.o(!!handler_zi)
    .ARM.Collect$$_printf_percent$$00000000  0x080001a4   Section        0  _printf_percent.o(.ARM.Collect$$_printf_percent$$00000000)
    .ARM.Collect$$_printf_percent$$00000009  0x080001a4   Section        6  _printf_d.o(.ARM.Collect$$_printf_percent$$00000009)
    .ARM.Collect$$_printf_percent$$00000017  0x080001aa   Section        4  _printf_percent_end.o(.ARM.Collect$$_printf_percent$$00000017)
    .ARM.Collect$$libinit$$00000000          0x080001ae   Section        2  libinit.o(.ARM.Collect$$libinit$$00000000)
    .ARM.Collect$$libinit$$00000002          0x080001b0   Section        0  libinit2.o(.ARM.Collect$$libinit$$00000002)
    .ARM.Collect$$libinit$$00000004          0x080001b0   Section        0  libinit2.o(.ARM.Collect$$libinit$$00000004)
    .ARM.Collect$$libinit$$0000000A          0x080001b0   Section        0  libinit2.o(.ARM.Collect$$libinit$$0000000A)
    .ARM.Collect$$libinit$$0000000C          0x080001b0   Section        0  libinit2.o(.ARM.Collect$$libinit$$0000000C)
    .ARM.Collect$$libinit$$0000000E          0x080001b0   Section        0  libinit2.o(.ARM.Collect$$libinit$$0000000E)
    .ARM.Collect$$libinit$$00000011          0x080001b0   Section        0  libinit2.o(.ARM.Collect$$libinit$$00000011)
    .ARM.Collect$$libinit$$00000013          0x080001b0   Section        0  libinit2.o(.ARM.Collect$$libinit$$00000013)
    .ARM.Collect$$libinit$$00000015          0x080001b0   Section        0  libinit2.o(.ARM.Collect$$libinit$$00000015)
    .ARM.Collect$$libinit$$00000017          0x080001b0   Section        0  libinit2.o(.ARM.Collect$$libinit$$00000017)
    .ARM.Collect$$libinit$$00000019          0x080001b0   Section        0  libinit2.o(.ARM.Collect$$libinit$$00000019)
    .ARM.Collect$$libinit$$0000001B          0x080001b0   Section        0  libinit2.o(.ARM.Collect$$libinit$$0000001B)
    .ARM.Collect$$libinit$$0000001D          0x080001b0   Section        0  libinit2.o(.ARM.Collect$$libinit$$0000001D)
    .ARM.Collect$$libinit$$0000001F          0x080001b0   Section        0  libinit2.o(.ARM.Collect$$libinit$$0000001F)
    .ARM.Collect$$libinit$$00000021          0x080001b0   Section        0  libinit2.o(.ARM.Collect$$libinit$$00000021)
    .ARM.Collect$$libinit$$00000023          0x080001b0   Section        0  libinit2.o(.ARM.Collect$$libinit$$00000023)
    .ARM.Collect$$libinit$$00000025          0x080001b0   Section        0  libinit2.o(.ARM.Collect$$libinit$$00000025)
    .ARM.Collect$$libinit$$0000002C          0x080001b0   Section        0  libinit2.o(.ARM.Collect$$libinit$$0000002C)
    .ARM.Collect$$libinit$$0000002E          0x080001b0   Section        0  libinit2.o(.ARM.Collect$$libinit$$0000002E)
    .ARM.Collect$$libinit$$00000030          0x080001b0   Section        0  libinit2.o(.ARM.Collect$$libinit$$00000030)
    .ARM.Collect$$libinit$$00000032          0x080001b0   Section        0  libinit2.o(.ARM.Collect$$libinit$$00000032)
    .ARM.Collect$$libinit$$00000033          0x080001b0   Section        2  libinit2.o(.ARM.Collect$$libinit$$00000033)
    .ARM.Collect$$libshutdown$$00000000      0x080001b2   Section        2  libshutdown.o(.ARM.Collect$$libshutdown$$00000000)
    .ARM.Collect$$libshutdown$$00000002      0x080001b4   Section        0  libshutdown2.o(.ARM.Collect$$libshutdown$$00000002)
    .ARM.Collect$$libshutdown$$00000004      0x080001b4   Section        0  libshutdown2.o(.ARM.Collect$$libshutdown$$00000004)
    .ARM.Collect$$libshutdown$$00000007      0x080001b4   Section        0  libshutdown2.o(.ARM.Collect$$libshutdown$$00000007)
    .ARM.Collect$$libshutdown$$0000000A      0x080001b4   Section        0  libshutdown2.o(.ARM.Collect$$libshutdown$$0000000A)
    .ARM.Collect$$libshutdown$$0000000C      0x080001b4   Section        0  libshutdown2.o(.ARM.Collect$$libshutdown$$0000000C)
    .ARM.Collect$$libshutdown$$0000000F      0x080001b4   Section        0  libshutdown2.o(.ARM.Collect$$libshutdown$$0000000F)
    .ARM.Collect$$libshutdown$$00000010      0x080001b4   Section        2  libshutdown2.o(.ARM.Collect$$libshutdown$$00000010)
    .ARM.Collect$$rtentry$$00000000          0x080001b6   Section        0  __rtentry.o(.ARM.Collect$$rtentry$$00000000)
    .ARM.Collect$$rtentry$$00000002          0x080001b6   Section        0  __rtentry2.o(.ARM.Collect$$rtentry$$00000002)
    .ARM.Collect$$rtentry$$00000004          0x080001b6   Section        6  __rtentry4.o(.ARM.Collect$$rtentry$$00000004)
    .ARM.Collect$$rtentry$$00000009          0x080001bc   Section        0  __rtentry2.o(.ARM.Collect$$rtentry$$00000009)
    .ARM.Collect$$rtentry$$0000000A          0x080001bc   Section        4  __rtentry2.o(.ARM.Collect$$rtentry$$0000000A)
    .ARM.Collect$$rtentry$$0000000C          0x080001c0   Section        0  __rtentry2.o(.ARM.Collect$$rtentry$$0000000C)
    .ARM.Collect$$rtentry$$0000000D          0x080001c0   Section        8  __rtentry2.o(.ARM.Collect$$rtentry$$0000000D)
    .ARM.Collect$$rtexit$$00000000           0x080001c8   Section        2  rtexit.o(.ARM.Collect$$rtexit$$00000000)
    .ARM.Collect$$rtexit$$00000002           0x080001ca   Section        0  rtexit2.o(.ARM.Collect$$rtexit$$00000002)
    .ARM.Collect$$rtexit$$00000003           0x080001ca   Section        4  rtexit2.o(.ARM.Collect$$rtexit$$00000003)
    .ARM.Collect$$rtexit$$00000004           0x080001ce   Section        6  rtexit2.o(.ARM.Collect$$rtexit$$00000004)
    .text                                    0x080001d4   Section       64  startup_stm32f10x_hd.o(.text)
    .text                                    0x08000214   Section        2  use_no_semi_2.o(.text)
    .text                                    0x08000218   Section        0  noretval__2sprintf.o(.text)
    .text                                    0x08000240   Section        0  _printf_pad.o(.text)
    .text                                    0x08000290   Section        0  _printf_dec.o(.text)
    .text                                    0x08000308   Section        0  __printf_flags_ss_wp.o(.text)
    .text                                    0x08000490   Section      100  rt_memcpy_w.o(.text)
    .text                                    0x080004f4   Section       78  rt_memclr_w.o(.text)
    .text                                    0x08000542   Section        0  heapauxi.o(.text)
    .text                                    0x08000548   Section        2  use_no_semi.o(.text)
    .text                                    0x0800054a   Section        0  _printf_intcommon.o(.text)
    .text                                    0x080005fc   Section        0  _printf_char_common.o(.text)
    _printf_input_char                       0x080005fd   Thumb Code    10  _printf_char_common.o(.text)
    .text                                    0x0800062c   Section        0  _sputc.o(.text)
    .text                                    0x08000638   Section        8  libspace.o(.text)
    .text                                    0x08000640   Section       74  sys_stackheap_outer.o(.text)
    .text                                    0x0800068a   Section        0  exit.o(.text)
    i.BusFault_Handler                       0x0800069c   Section        0  stm32f10x_it.o(i.BusFault_Handler)
    i.DebugMon_Handler                       0x080006a0   Section        0  stm32f10x_it.o(i.DebugMon_Handler)
    i.EXTI9_5_IRQHandler                     0x080006a4   Section        0  exti.o(i.EXTI9_5_IRQHandler)
    i.EXTIX_Init                             0x08000700   Section        0  exti.o(i.EXTIX_Init)
    i.EXTI_ClearITPendingBit                 0x08000750   Section        0  stm32f10x_exti.o(i.EXTI_ClearITPendingBit)
    i.EXTI_Init                              0x0800075c   Section        0  stm32f10x_exti.o(i.EXTI_Init)
    i.GPIO_EXTILineConfig                    0x080007f0   Section        0  stm32f10x_gpio.o(i.GPIO_EXTILineConfig)
    i.GPIO_Init                              0x08000830   Section        0  stm32f10x_gpio.o(i.GPIO_Init)
    i.GPIO_PinRemapConfig                    0x08000948   Section        0  stm32f10x_gpio.o(i.GPIO_PinRemapConfig)
    i.GPIO_ReadInputDataBit                  0x080009d8   Section        0  stm32f10x_gpio.o(i.GPIO_ReadInputDataBit)
    i.GPIO_ResetBits                         0x080009ea   Section        0  stm32f10x_gpio.o(i.GPIO_ResetBits)
    i.GPIO_SetBits                           0x080009ee   Section        0  stm32f10x_gpio.o(i.GPIO_SetBits)
    i.GPIO_Write                             0x080009f2   Section        0  stm32f10x_gpio.o(i.GPIO_Write)
    i.HardFault_Handler                      0x080009f6   Section        0  stm32f10x_it.o(i.HardFault_Handler)
    i.KEY_4x4_Init                           0x080009fc   Section        0  key.o(i.KEY_4x4_Init)
    i.KEY_Scan                               0x08000a4c   Section        0  key.o(i.KEY_Scan)
    i.LCD_Clear                              0x08000db0   Section        0  lcd_spi_169.o(i.LCD_Clear)
    i.LCD_Delay                              0x08000e68   Section        0  lcd_spi_169.o(i.LCD_Delay)
    i.LCD_DisplayChar                        0x08000e94   Section        0  lcd_spi_169.o(i.LCD_DisplayChar)
    i.LCD_DisplayNumber                      0x08000f74   Section        0  lcd_spi_169.o(i.LCD_DisplayNumber)
    i.LCD_DisplayString                      0x08000fc0   Section        0  lcd_spi_169.o(i.LCD_DisplayString)
    i.LCD_GPIO_Config                        0x08000ff8   Section        0  lcd_spi_169.o(i.LCD_GPIO_Config)
    i.LCD_SPI_Config                         0x0800109c   Section        0  lcd_spi_169.o(i.LCD_SPI_Config)
    i.LCD_SetAddress                         0x080010f8   Section        0  lcd_spi_169.o(i.LCD_SetAddress)
    i.LCD_SetAsciiFont                       0x08001174   Section        0  lcd_spi_169.o(i.LCD_SetAsciiFont)
    i.LCD_SetBackColor                       0x08001180   Section        0  lcd_spi_169.o(i.LCD_SetBackColor)
    i.LCD_SetColor                           0x080011a8   Section        0  lcd_spi_169.o(i.LCD_SetColor)
    i.LCD_SetDirection                       0x080011d0   Section        0  lcd_spi_169.o(i.LCD_SetDirection)
    i.LCD_SetTextFont                        0x08001298   Section        0  lcd_spi_169.o(i.LCD_SetTextFont)
    i.LCD_ShowNumMode                        0x08001304   Section        0  lcd_spi_169.o(i.LCD_ShowNumMode)
    i.LCD_WriteBuff                          0x08001310   Section        0  lcd_spi_169.o(i.LCD_WriteBuff)
    i.LCD_WriteCommand                       0x080013a4   Section        0  lcd_spi_169.o(i.LCD_WriteCommand)
    i.LCD_WriteData_16bit                    0x080013f0   Section        0  lcd_spi_169.o(i.LCD_WriteData_16bit)
    i.LCD_WriteData_8bit                     0x0800141c   Section        0  lcd_spi_169.o(i.LCD_WriteData_8bit)
    i.LED_GPIO_Config                        0x08001434   Section        0  led.o(i.LED_GPIO_Config)
    i.LED_change                             0x080014ac   Section        0  led.o(i.LED_change)
    i.MemManage_Handler                      0x080014e4   Section        0  stm32f10x_it.o(i.MemManage_Handler)
    i.NMI_Handler                            0x080014e8   Section        0  stm32f10x_it.o(i.NMI_Handler)
    i.NVIC_Init                              0x080014ec   Section        0  misc.o(i.NVIC_Init)
    i.PWM_SetCompare3                        0x0800155c   Section        0  pwm.o(i.PWM_SetCompare3)
    i.PendSV_Handler                         0x08001570   Section        0  stm32f10x_it.o(i.PendSV_Handler)
    i.Pwm_Init                               0x08001574   Section        0  pwm.o(i.Pwm_Init)
    i.RCC_APB1PeriphClockCmd                 0x080015e8   Section        0  stm32f10x_rcc.o(i.RCC_APB1PeriphClockCmd)
    i.RCC_APB2PeriphClockCmd                 0x08001608   Section        0  stm32f10x_rcc.o(i.RCC_APB2PeriphClockCmd)
    i.SPI_Cmd                                0x08001628   Section        0  stm32f10x_spi.o(i.SPI_Cmd)
    i.SPI_Init                               0x08001640   Section        0  stm32f10x_spi.o(i.SPI_Init)
    i.SPI_LCD_Init                           0x0800167c   Section        0  lcd_spi_169.o(i.SPI_LCD_Init)
    i.SVC_Handler                            0x08001854   Section        0  stm32f10x_it.o(i.SVC_Handler)
    i.Servo_SetAngle                         0x08001858   Section        0  pwm.o(i.Servo_SetAngle)
    i.SetSysClock                            0x08001894   Section        0  system_stm32f10x.o(i.SetSysClock)
    SetSysClock                              0x08001895   Thumb Code     8  system_stm32f10x.o(i.SetSysClock)
    i.SetSysClockTo72                        0x0800189c   Section        0  system_stm32f10x.o(i.SetSysClockTo72)
    SetSysClockTo72                          0x0800189d   Thumb Code   214  system_stm32f10x.o(i.SetSysClockTo72)
    i.SysTick_CLKSourceConfig                0x0800197c   Section        0  misc.o(i.SysTick_CLKSourceConfig)
    i.SysTick_Handler                        0x080019a4   Section        0  stm32f10x_it.o(i.SysTick_Handler)
    i.SystemInit                             0x080019a8   Section        0  system_stm32f10x.o(i.SystemInit)
    i.TIM3init                               0x08001a08   Section        0  timer3.o(i.TIM3init)
    i.TIM_ARRPreloadConfig                   0x08001a38   Section        0  stm32f10x_tim.o(i.TIM_ARRPreloadConfig)
    i.TIM_Cmd                                0x08001a50   Section        0  stm32f10x_tim.o(i.TIM_Cmd)
    i.TIM_OC3Init                            0x08001a68   Section        0  stm32f10x_tim.o(i.TIM_OC3Init)
    i.TIM_OC3PreloadConfig                   0x08001b08   Section        0  stm32f10x_tim.o(i.TIM_OC3PreloadConfig)
    i.TIM_SetCompare3                        0x08001b1a   Section        0  stm32f10x_tim.o(i.TIM_SetCompare3)
    i.TIM_TimeBaseInit                       0x08001b20   Section        0  stm32f10x_tim.o(i.TIM_TimeBaseInit)
    i.UsageFault_Handler                     0x08001bc4   Section        0  stm32f10x_it.o(i.UsageFault_Handler)
    i._is_digit                              0x08001bc8   Section        0  __printf_wp.o(i._is_digit)
    i._sys_exit                              0x08001bd6   Section        0  usrat.o(i._sys_exit)
    i.arraysEqual                            0x08001bda   Section        0  main.o(i.arraysEqual)
    i.change_password                        0x08001c00   Section        0  main.o(i.change_password)
    i.delay_init                             0x08001d94   Section        0  delay.o(i.delay_init)
    i.delay_ms                               0x08001dd8   Section        0  delay.o(i.delay_ms)
    i.input_password                         0x08001e24   Section        0  main.o(i.input_password)
    i.main                                   0x08001ee8   Section        0  main.o(i.main)
    i.open_password                          0x08002084   Section        0  main.o(i.open_password)
    i.setupPassword                          0x080021ec   Section        0  main.o(i.setupPassword)
    x$fpl$fadd                               0x08002238   Section      196  faddsub_clz.o(x$fpl$fadd)
    _fadd1                                   0x08002247   Thumb Code     0  faddsub_clz.o(x$fpl$fadd)
    x$fpl$fdiv                               0x080022fc   Section      388  fdiv.o(x$fpl$fdiv)
    _fdiv1                                   0x080022fd   Thumb Code     0  fdiv.o(x$fpl$fdiv)
    x$fpl$ffixu                              0x08002480   Section       62  ffixu.o(x$fpl$ffixu)
    x$fpl$fmul                               0x080024c0   Section      258  fmul.o(x$fpl$fmul)
    x$fpl$fnaninf                            0x080025c2   Section      140  fnaninf.o(x$fpl$fnaninf)
    x$fpl$fretinf                            0x0800264e   Section       10  fretinf.o(x$fpl$fretinf)
    x$fpl$fsub                               0x08002658   Section      234  faddsub_clz.o(x$fpl$fsub)
    _fsub1                                   0x08002667   Thumb Code     0  faddsub_clz.o(x$fpl$fsub)
    .constdata                               0x08002742   Section    26660  lcd_fonts.o(.constdata)
    x$fpl$usenofp                            0x08002742   Section        0  usenofp.o(x$fpl$usenofp)
    .constdata                               0x08008f66   Section       17  __printf_flags_ss_wp.o(.constdata)
    maptable                                 0x08008f66   Data          17  __printf_flags_ss_wp.o(.constdata)
    .data                                    0x20000000   Section       20  system_stm32f10x.o(.data)
    .data                                    0x20000014   Section       13  main.o(.data)
    .data                                    0x20000021   Section        1  key.o(.data)
    .data                                    0x20000022   Section        1  led.o(.data)
    i                                        0x20000022   Data           1  led.o(.data)
    .data                                    0x20000024   Section        8  lcd_spi_169.o(.data)
    LCD_AsciiFonts                           0x20000024   Data           4  lcd_spi_169.o(.data)
    LCD_CHFonts                              0x20000028   Data           4  lcd_spi_169.o(.data)
    .data                                    0x2000002c   Section      120  lcd_fonts.o(.data)
    .data                                    0x200000a4   Section        4  delay.o(.data)
    fac_us                                   0x200000a4   Data           1  delay.o(.data)
    fac_ms                                   0x200000a6   Data           2  delay.o(.data)
    .bss                                     0x200000a8   Section      156  main.o(.bss)
    .bss                                     0x20000144   Section     2064  lcd_spi_169.o(.bss)
    .bss                                     0x20000954   Section       96  libspace.o(.bss)
    HEAP                                     0x200009b8   Section      512  startup_stm32f10x_hd.o(HEAP)
    Heap_Mem                                 0x200009b8   Data         512  startup_stm32f10x_hd.o(HEAP)
    STACK                                    0x20000bb8   Section     1024  startup_stm32f10x_hd.o(STACK)
    Stack_Mem                                0x20000bb8   Data        1024  startup_stm32f10x_hd.o(STACK)
    __initial_sp                             0x20000fb8   Data           0  startup_stm32f10x_hd.o(STACK)

    Global Symbols

    Symbol Name                              Value     Ov Type        Size  Object(Section)

    BuildAttributes$$THM_ISAv4$P$D$K$B$S$PE$A:L22UL41UL21$X:L11$S22US41US21$IEEE1$IW$USESV6$~STKCKD$USESV7$~SHL$OTIME$ROPI$IEEEJ$EBA8$UX$STANDARDLIB$REQ8$PRES8$EABIv2 0x00000000   Number         0  anon$$obj.o ABSOLUTE
    __ARM_use_no_argv                        0x00000000   Number         0  main.o ABSOLUTE
    _printf_flags                            0x00000000   Number         0  printf_stubs.o ABSOLUTE
    _printf_return_value                     0x00000000   Number         0  printf_stubs.o ABSOLUTE
    _printf_sizespec                         0x00000000   Number         0  printf_stubs.o ABSOLUTE
    _printf_widthprec                        0x00000000   Number         0  printf_stubs.o ABSOLUTE
    __ARM_exceptions_init                     - Undefined Weak Reference
    __alloca_initialize                       - Undefined Weak Reference
    __arm_preinit_                            - Undefined Weak Reference
    __cpp_initialize__aeabi_                  - Undefined Weak Reference
    __cxa_finalize                            - Undefined Weak Reference
    __sigvec_lookup                           - Undefined Weak Reference
    _atexit_init                              - Undefined Weak Reference
    _call_atexit_fns                          - Undefined Weak Reference
    _clock_init                               - Undefined Weak Reference
    _fp_trap_init                             - Undefined Weak Reference
    _fp_trap_shutdown                         - Undefined Weak Reference
    _get_lc_collate                           - Undefined Weak Reference
    _get_lc_ctype                             - Undefined Weak Reference
    _get_lc_monetary                          - Undefined Weak Reference
    _get_lc_time                              - Undefined Weak Reference
    _getenv_init                              - Undefined Weak Reference
    _handle_redirection                       - Undefined Weak Reference
    _init_alloc                               - Undefined Weak Reference
    _init_user_alloc                          - Undefined Weak Reference
    _initio                                   - Undefined Weak Reference
    _printf_truncate_signed                   - Undefined Weak Reference
    _printf_truncate_unsigned                 - Undefined Weak Reference
    _rand_init                                - Undefined Weak Reference
    _signal_finish                            - Undefined Weak Reference
    _signal_init                              - Undefined Weak Reference
    _terminate_alloc                          - Undefined Weak Reference
    _terminate_user_alloc                     - Undefined Weak Reference
    _terminateio                              - Undefined Weak Reference
    __Vectors_Size                           0x00000130   Number         0  startup_stm32f10x_hd.o ABSOLUTE
    __Vectors                                0x08000000   Data           4  startup_stm32f10x_hd.o(RESET)
    __Vectors_End                            0x08000130   Data           0  startup_stm32f10x_hd.o(RESET)
    __main                                   0x08000131   Thumb Code     8  __main.o(!!!main)
    __scatterload                            0x08000139   Thumb Code     0  __scatter.o(!!!scatter)
    __scatterload_rt2                        0x08000139   Thumb Code    44  __scatter.o(!!!scatter)
    __scatterload_rt2_thumb_only             0x08000139   Thumb Code     0  __scatter.o(!!!scatter)
    __scatterload_null                       0x08000147   Thumb Code     0  __scatter.o(!!!scatter)
    __scatterload_copy                       0x0800016d   Thumb Code    26  __scatter_copy.o(!!handler_copy)
    __scatterload_zeroinit                   0x08000189   Thumb Code    28  __scatter_zi.o(!!handler_zi)
    _printf_d                                0x080001a5   Thumb Code     0  _printf_d.o(.ARM.Collect$$_printf_percent$$00000009)
    _printf_percent                          0x080001a5   Thumb Code     0  _printf_percent.o(.ARM.Collect$$_printf_percent$$00000000)
    _printf_percent_end                      0x080001ab   Thumb Code     0  _printf_percent_end.o(.ARM.Collect$$_printf_percent$$00000017)
    __rt_lib_init                            0x080001af   Thumb Code     0  libinit.o(.ARM.Collect$$libinit$$00000000)
    __rt_lib_init_alloca_1                   0x080001b1   Thumb Code     0  libinit2.o(.ARM.Collect$$libinit$$0000002E)
    __rt_lib_init_argv_1                     0x080001b1   Thumb Code     0  libinit2.o(.ARM.Collect$$libinit$$0000002C)
    __rt_lib_init_atexit_1                   0x080001b1   Thumb Code     0  libinit2.o(.ARM.Collect$$libinit$$0000001B)
    __rt_lib_init_clock_1                    0x080001b1   Thumb Code     0  libinit2.o(.ARM.Collect$$libinit$$00000021)
    __rt_lib_init_cpp_1                      0x080001b1   Thumb Code     0  libinit2.o(.ARM.Collect$$libinit$$00000032)
    __rt_lib_init_exceptions_1               0x080001b1   Thumb Code     0  libinit2.o(.ARM.Collect$$libinit$$00000030)
    __rt_lib_init_fp_1                       0x080001b1   Thumb Code     0  libinit2.o(.ARM.Collect$$libinit$$00000002)
    __rt_lib_init_fp_trap_1                  0x080001b1   Thumb Code     0  libinit2.o(.ARM.Collect$$libinit$$0000001F)
    __rt_lib_init_getenv_1                   0x080001b1   Thumb Code     0  libinit2.o(.ARM.Collect$$libinit$$00000023)
    __rt_lib_init_heap_1                     0x080001b1   Thumb Code     0  libinit2.o(.ARM.Collect$$libinit$$0000000A)
    __rt_lib_init_lc_collate_1               0x080001b1   Thumb Code     0  libinit2.o(.ARM.Collect$$libinit$$00000011)
    __rt_lib_init_lc_ctype_1                 0x080001b1   Thumb Code     0  libinit2.o(.ARM.Collect$$libinit$$00000013)
    __rt_lib_init_lc_monetary_1              0x080001b1   Thumb Code     0  libinit2.o(.ARM.Collect$$libinit$$00000015)
    __rt_lib_init_lc_numeric_1               0x080001b1   Thumb Code     0  libinit2.o(.ARM.Collect$$libinit$$00000017)
    __rt_lib_init_lc_time_1                  0x080001b1   Thumb Code     0  libinit2.o(.ARM.Collect$$libinit$$00000019)
    __rt_lib_init_preinit_1                  0x080001b1   Thumb Code     0  libinit2.o(.ARM.Collect$$libinit$$00000004)
    __rt_lib_init_rand_1                     0x080001b1   Thumb Code     0  libinit2.o(.ARM.Collect$$libinit$$0000000E)
    __rt_lib_init_return                     0x080001b1   Thumb Code     0  libinit2.o(.ARM.Collect$$libinit$$00000033)
    __rt_lib_init_signal_1                   0x080001b1   Thumb Code     0  libinit2.o(.ARM.Collect$$libinit$$0000001D)
    __rt_lib_init_stdio_1                    0x080001b1   Thumb Code     0  libinit2.o(.ARM.Collect$$libinit$$00000025)
    __rt_lib_init_user_alloc_1               0x080001b1   Thumb Code     0  libinit2.o(.ARM.Collect$$libinit$$0000000C)
    __rt_lib_shutdown                        0x080001b3   Thumb Code     0  libshutdown.o(.ARM.Collect$$libshutdown$$00000000)
    __rt_lib_shutdown_cpp_1                  0x080001b5   Thumb Code     0  libshutdown2.o(.ARM.Collect$$libshutdown$$00000002)
    __rt_lib_shutdown_fp_trap_1              0x080001b5   Thumb Code     0  libshutdown2.o(.ARM.Collect$$libshutdown$$00000007)
    __rt_lib_shutdown_heap_1                 0x080001b5   Thumb Code     0  libshutdown2.o(.ARM.Collect$$libshutdown$$0000000F)
    __rt_lib_shutdown_return                 0x080001b5   Thumb Code     0  libshutdown2.o(.ARM.Collect$$libshutdown$$00000010)
    __rt_lib_shutdown_signal_1               0x080001b5   Thumb Code     0  libshutdown2.o(.ARM.Collect$$libshutdown$$0000000A)
    __rt_lib_shutdown_stdio_1                0x080001b5   Thumb Code     0  libshutdown2.o(.ARM.Collect$$libshutdown$$00000004)
    __rt_lib_shutdown_user_alloc_1           0x080001b5   Thumb Code     0  libshutdown2.o(.ARM.Collect$$libshutdown$$0000000C)
    __rt_entry                               0x080001b7   Thumb Code     0  __rtentry.o(.ARM.Collect$$rtentry$$00000000)
    __rt_entry_presh_1                       0x080001b7   Thumb Code     0  __rtentry2.o(.ARM.Collect$$rtentry$$00000002)
    __rt_entry_sh                            0x080001b7   Thumb Code     0  __rtentry4.o(.ARM.Collect$$rtentry$$00000004)
    __rt_entry_li                            0x080001bd   Thumb Code     0  __rtentry2.o(.ARM.Collect$$rtentry$$0000000A)
    __rt_entry_postsh_1                      0x080001bd   Thumb Code     0  __rtentry2.o(.ARM.Collect$$rtentry$$00000009)
    __rt_entry_main                          0x080001c1   Thumb Code     0  __rtentry2.o(.ARM.Collect$$rtentry$$0000000D)
    __rt_entry_postli_1                      0x080001c1   Thumb Code     0  __rtentry2.o(.ARM.Collect$$rtentry$$0000000C)
    __rt_exit                                0x080001c9   Thumb Code     0  rtexit.o(.ARM.Collect$$rtexit$$00000000)
    __rt_exit_ls                             0x080001cb   Thumb Code     0  rtexit2.o(.ARM.Collect$$rtexit$$00000003)
    __rt_exit_prels_1                        0x080001cb   Thumb Code     0  rtexit2.o(.ARM.Collect$$rtexit$$00000002)
    __rt_exit_exit                           0x080001cf   Thumb Code     0  rtexit2.o(.ARM.Collect$$rtexit$$00000004)
    Reset_Handler                            0x080001d5   Thumb Code     8  startup_stm32f10x_hd.o(.text)
    ADC1_2_IRQHandler                        0x080001ef   Thumb Code     0  startup_stm32f10x_hd.o(.text)
    ADC3_IRQHandler                          0x080001ef   Thumb Code     0  startup_stm32f10x_hd.o(.text)
    CAN1_RX1_IRQHandler                      0x080001ef   Thumb Code     0  startup_stm32f10x_hd.o(.text)
    CAN1_SCE_IRQHandler                      0x080001ef   Thumb Code     0  startup_stm32f10x_hd.o(.text)
    DMA1_Channel1_IRQHandler                 0x080001ef   Thumb Code     0  startup_stm32f10x_hd.o(.text)
    DMA1_Channel2_IRQHandler                 0x080001ef   Thumb Code     0  startup_stm32f10x_hd.o(.text)
    DMA1_Channel3_IRQHandler                 0x080001ef   Thumb Code     0  startup_stm32f10x_hd.o(.text)
    DMA1_Channel4_IRQHandler                 0x080001ef   Thumb Code     0  startup_stm32f10x_hd.o(.text)
    DMA1_Channel5_IRQHandler                 0x080001ef   Thumb Code     0  startup_stm32f10x_hd.o(.text)
    DMA1_Channel6_IRQHandler                 0x080001ef   Thumb Code     0  startup_stm32f10x_hd.o(.text)
    DMA1_Channel7_IRQHandler                 0x080001ef   Thumb Code     0  startup_stm32f10x_hd.o(.text)
    DMA2_Channel1_IRQHandler                 0x080001ef   Thumb Code     0  startup_stm32f10x_hd.o(.text)
    DMA2_Channel2_IRQHandler                 0x080001ef   Thumb Code     0  startup_stm32f10x_hd.o(.text)
    DMA2_Channel3_IRQHandler                 0x080001ef   Thumb Code     0  startup_stm32f10x_hd.o(.text)
    DMA2_Channel4_5_IRQHandler               0x080001ef   Thumb Code     0  startup_stm32f10x_hd.o(.text)
    EXTI0_IRQHandler                         0x080001ef   Thumb Code     0  startup_stm32f10x_hd.o(.text)
    EXTI15_10_IRQHandler                     0x080001ef   Thumb Code     0  startup_stm32f10x_hd.o(.text)
    EXTI1_IRQHandler                         0x080001ef   Thumb Code     0  startup_stm32f10x_hd.o(.text)
    EXTI2_IRQHandler                         0x080001ef   Thumb Code     0  startup_stm32f10x_hd.o(.text)
    EXTI3_IRQHandler                         0x080001ef   Thumb Code     0  startup_stm32f10x_hd.o(.text)
    EXTI4_IRQHandler                         0x080001ef   Thumb Code     0  startup_stm32f10x_hd.o(.text)
    FLASH_IRQHandler                         0x080001ef   Thumb Code     0  startup_stm32f10x_hd.o(.text)
    FSMC_IRQHandler                          0x080001ef   Thumb Code     0  startup_stm32f10x_hd.o(.text)
    I2C1_ER_IRQHandler                       0x080001ef   Thumb Code     0  startup_stm32f10x_hd.o(.text)
    I2C1_EV_IRQHandler                       0x080001ef   Thumb Code     0  startup_stm32f10x_hd.o(.text)
    I2C2_ER_IRQHandler                       0x080001ef   Thumb Code     0  startup_stm32f10x_hd.o(.text)
    I2C2_EV_IRQHandler                       0x080001ef   Thumb Code     0  startup_stm32f10x_hd.o(.text)
    PVD_IRQHandler                           0x080001ef   Thumb Code     0  startup_stm32f10x_hd.o(.text)
    RCC_IRQHandler                           0x080001ef   Thumb Code     0  startup_stm32f10x_hd.o(.text)
    RTCAlarm_IRQHandler                      0x080001ef   Thumb Code     0  startup_stm32f10x_hd.o(.text)
    RTC_IRQHandler                           0x080001ef   Thumb Code     0  startup_stm32f10x_hd.o(.text)
    SDIO_IRQHandler                          0x080001ef   Thumb Code     0  startup_stm32f10x_hd.o(.text)
    SPI1_IRQHandler                          0x080001ef   Thumb Code     0  startup_stm32f10x_hd.o(.text)
    SPI2_IRQHandler                          0x080001ef   Thumb Code     0  startup_stm32f10x_hd.o(.text)
    SPI3_IRQHandler                          0x080001ef   Thumb Code     0  startup_stm32f10x_hd.o(.text)
    TAMPER_IRQHandler                        0x080001ef   Thumb Code     0  startup_stm32f10x_hd.o(.text)
    TIM1_BRK_IRQHandler                      0x080001ef   Thumb Code     0  startup_stm32f10x_hd.o(.text)
    TIM1_CC_IRQHandler                       0x080001ef   Thumb Code     0  startup_stm32f10x_hd.o(.text)
    TIM1_TRG_COM_IRQHandler                  0x080001ef   Thumb Code     0  startup_stm32f10x_hd.o(.text)
    TIM1_UP_IRQHandler                       0x080001ef   Thumb Code     0  startup_stm32f10x_hd.o(.text)
    TIM2_IRQHandler                          0x080001ef   Thumb Code     0  startup_stm32f10x_hd.o(.text)
    TIM3_IRQHandler                          0x080001ef   Thumb Code     0  startup_stm32f10x_hd.o(.text)
    TIM4_IRQHandler                          0x080001ef   Thumb Code     0  startup_stm32f10x_hd.o(.text)
    TIM5_IRQHandler                          0x080001ef   Thumb Code     0  startup_stm32f10x_hd.o(.text)
    TIM6_IRQHandler                          0x080001ef   Thumb Code     0  startup_stm32f10x_hd.o(.text)
    TIM7_IRQHandler                          0x080001ef   Thumb Code     0  startup_stm32f10x_hd.o(.text)
    TIM8_BRK_IRQHandler                      0x080001ef   Thumb Code     0  startup_stm32f10x_hd.o(.text)
    TIM8_CC_IRQHandler                       0x080001ef   Thumb Code     0  startup_stm32f10x_hd.o(.text)
    TIM8_TRG_COM_IRQHandler                  0x080001ef   Thumb Code     0  startup_stm32f10x_hd.o(.text)
    TIM8_UP_IRQHandler                       0x080001ef   Thumb Code     0  startup_stm32f10x_hd.o(.text)
    UART4_IRQHandler                         0x080001ef   Thumb Code     0  startup_stm32f10x_hd.o(.text)
    UART5_IRQHandler                         0x080001ef   Thumb Code     0  startup_stm32f10x_hd.o(.text)
    USART1_IRQHandler                        0x080001ef   Thumb Code     0  startup_stm32f10x_hd.o(.text)
    USART2_IRQHandler                        0x080001ef   Thumb Code     0  startup_stm32f10x_hd.o(.text)
    USART3_IRQHandler                        0x080001ef   Thumb Code     0  startup_stm32f10x_hd.o(.text)
    USBWakeUp_IRQHandler                     0x080001ef   Thumb Code     0  startup_stm32f10x_hd.o(.text)
    USB_HP_CAN1_TX_IRQHandler                0x080001ef   Thumb Code     0  startup_stm32f10x_hd.o(.text)
    USB_LP_CAN1_RX0_IRQHandler               0x080001ef   Thumb Code     0  startup_stm32f10x_hd.o(.text)
    WWDG_IRQHandler                          0x080001ef   Thumb Code     0  startup_stm32f10x_hd.o(.text)
    __user_initial_stackheap                 0x080001f1   Thumb Code     0  startup_stm32f10x_hd.o(.text)
    __use_no_semihosting                     0x08000215   Thumb Code     2  use_no_semi_2.o(.text)
    __2sprintf                               0x08000219   Thumb Code    34  noretval__2sprintf.o(.text)
    _printf_pre_padding                      0x08000241   Thumb Code    44  _printf_pad.o(.text)
    _printf_post_padding                     0x0800026d   Thumb Code    34  _printf_pad.o(.text)
    _printf_int_dec                          0x08000291   Thumb Code   104  _printf_dec.o(.text)
    __printf                                 0x08000309   Thumb Code   388  __printf_flags_ss_wp.o(.text)
    __aeabi_memcpy4                          0x08000491   Thumb Code     0  rt_memcpy_w.o(.text)
    __aeabi_memcpy8                          0x08000491   Thumb Code     0  rt_memcpy_w.o(.text)
    __rt_memcpy_w                            0x08000491   Thumb Code   100  rt_memcpy_w.o(.text)
    _memcpy_lastbytes_aligned                0x080004d9   Thumb Code     0  rt_memcpy_w.o(.text)
    __aeabi_memclr4                          0x080004f5   Thumb Code     0  rt_memclr_w.o(.text)
    __aeabi_memclr8                          0x080004f5   Thumb Code     0  rt_memclr_w.o(.text)
    __rt_memclr_w                            0x080004f5   Thumb Code    78  rt_memclr_w.o(.text)
    _memset_w                                0x080004f9   Thumb Code     0  rt_memclr_w.o(.text)
    __use_two_region_memory                  0x08000543   Thumb Code     2  heapauxi.o(.text)
    __rt_heap_escrow$2region                 0x08000545   Thumb Code     2  heapauxi.o(.text)
    __rt_heap_expand$2region                 0x08000547   Thumb Code     2  heapauxi.o(.text)
    __I$use$semihosting                      0x08000549   Thumb Code     0  use_no_semi.o(.text)
    __use_no_semihosting_swi                 0x08000549   Thumb Code     2  use_no_semi.o(.text)
    _printf_int_common                       0x0800054b   Thumb Code   178  _printf_intcommon.o(.text)
    _printf_char_common                      0x08000607   Thumb Code    32  _printf_char_common.o(.text)
    _sputc                                   0x0800062d   Thumb Code    10  _sputc.o(.text)
    __user_libspace                          0x08000639   Thumb Code     8  libspace.o(.text)
    __user_perproc_libspace                  0x08000639   Thumb Code     0  libspace.o(.text)
    __user_perthread_libspace                0x08000639   Thumb Code     0  libspace.o(.text)
    __user_setup_stackheap                   0x08000641   Thumb Code    74  sys_stackheap_outer.o(.text)
    exit                                     0x0800068b   Thumb Code    18  exit.o(.text)
    BusFault_Handler                         0x0800069d   Thumb Code     4  stm32f10x_it.o(i.BusFault_Handler)
    DebugMon_Handler                         0x080006a1   Thumb Code     2  stm32f10x_it.o(i.DebugMon_Handler)
    EXTI9_5_IRQHandler                       0x080006a5   Thumb Code    76  exti.o(i.EXTI9_5_IRQHandler)
    EXTIX_Init                               0x08000701   Thumb Code    80  exti.o(i.EXTIX_Init)
    EXTI_ClearITPendingBit                   0x08000751   Thumb Code     6  stm32f10x_exti.o(i.EXTI_ClearITPendingBit)
    EXTI_Init                                0x0800075d   Thumb Code   142  stm32f10x_exti.o(i.EXTI_Init)
    GPIO_EXTILineConfig                      0x080007f1   Thumb Code    60  stm32f10x_gpio.o(i.GPIO_EXTILineConfig)
    GPIO_Init                                0x08000831   Thumb Code   278  stm32f10x_gpio.o(i.GPIO_Init)
    GPIO_PinRemapConfig                      0x08000949   Thumb Code   138  stm32f10x_gpio.o(i.GPIO_PinRemapConfig)
    GPIO_ReadInputDataBit                    0x080009d9   Thumb Code    18  stm32f10x_gpio.o(i.GPIO_ReadInputDataBit)
    GPIO_ResetBits                           0x080009eb   Thumb Code     4  stm32f10x_gpio.o(i.GPIO_ResetBits)
    GPIO_SetBits                             0x080009ef   Thumb Code     4  stm32f10x_gpio.o(i.GPIO_SetBits)
    GPIO_Write                               0x080009f3   Thumb Code     4  stm32f10x_gpio.o(i.GPIO_Write)
    HardFault_Handler                        0x080009f7   Thumb Code     4  stm32f10x_it.o(i.HardFault_Handler)
    KEY_4x4_Init                             0x080009fd   Thumb Code    74  key.o(i.KEY_4x4_Init)
    KEY_Scan                                 0x08000a4d   Thumb Code   858  key.o(i.KEY_Scan)
    LCD_Clear                                0x08000db1   Thumb Code   170  lcd_spi_169.o(i.LCD_Clear)
    LCD_Delay                                0x08000e69   Thumb Code    42  lcd_spi_169.o(i.LCD_Delay)
    LCD_DisplayChar                          0x08000e95   Thumb Code   208  lcd_spi_169.o(i.LCD_DisplayChar)
    LCD_DisplayNumber                        0x08000f75   Thumb Code    58  lcd_spi_169.o(i.LCD_DisplayNumber)
    LCD_DisplayString                        0x08000fc1   Thumb Code    48  lcd_spi_169.o(i.LCD_DisplayString)
    LCD_GPIO_Config                          0x08000ff9   Thumb Code   156  lcd_spi_169.o(i.LCD_GPIO_Config)
    LCD_SPI_Config                           0x0800109d   Thumb Code    88  lcd_spi_169.o(i.LCD_SPI_Config)
    LCD_SetAddress                           0x080010f9   Thumb Code   110  lcd_spi_169.o(i.LCD_SetAddress)
    LCD_SetAsciiFont                         0x08001175   Thumb Code     6  lcd_spi_169.o(i.LCD_SetAsciiFont)
    LCD_SetBackColor                         0x08001181   Thumb Code    36  lcd_spi_169.o(i.LCD_SetBackColor)
    LCD_SetColor                             0x080011a9   Thumb Code    36  lcd_spi_169.o(i.LCD_SetColor)
    LCD_SetDirection                         0x080011d1   Thumb Code   186  lcd_spi_169.o(i.LCD_SetDirection)
    LCD_SetTextFont                          0x08001299   Thumb Code    78  lcd_spi_169.o(i.LCD_SetTextFont)
    LCD_ShowNumMode                          0x08001305   Thumb Code     6  lcd_spi_169.o(i.LCD_ShowNumMode)
    LCD_WriteBuff                            0x08001311   Thumb Code   138  lcd_spi_169.o(i.LCD_WriteBuff)
    LCD_WriteCommand                         0x080013a5   Thumb Code    68  lcd_spi_169.o(i.LCD_WriteCommand)
    LCD_WriteData_16bit                      0x080013f1   Thumb Code    40  lcd_spi_169.o(i.LCD_WriteData_16bit)
    LCD_WriteData_8bit                       0x0800141d   Thumb Code    20  lcd_spi_169.o(i.LCD_WriteData_8bit)
    LED_GPIO_Config                          0x08001435   Thumb Code    98  led.o(i.LED_GPIO_Config)
    LED_change                               0x080014ad   Thumb Code    48  led.o(i.LED_change)
    MemManage_Handler                        0x080014e5   Thumb Code     4  stm32f10x_it.o(i.MemManage_Handler)
    NMI_Handler                              0x080014e9   Thumb Code     2  stm32f10x_it.o(i.NMI_Handler)
    NVIC_Init                                0x080014ed   Thumb Code   100  misc.o(i.NVIC_Init)
    PWM_SetCompare3                          0x0800155d   Thumb Code    14  pwm.o(i.PWM_SetCompare3)
    PendSV_Handler                           0x08001571   Thumb Code     2  stm32f10x_it.o(i.PendSV_Handler)
    Pwm_Init                                 0x08001575   Thumb Code   108  pwm.o(i.Pwm_Init)
    RCC_APB1PeriphClockCmd                   0x080015e9   Thumb Code    26  stm32f10x_rcc.o(i.RCC_APB1PeriphClockCmd)
    RCC_APB2PeriphClockCmd                   0x08001609   Thumb Code    26  stm32f10x_rcc.o(i.RCC_APB2PeriphClockCmd)
    SPI_Cmd                                  0x08001629   Thumb Code    24  stm32f10x_spi.o(i.SPI_Cmd)
    SPI_Init                                 0x08001641   Thumb Code    60  stm32f10x_spi.o(i.SPI_Init)
    SPI_LCD_Init                             0x0800167d   Thumb Code   460  lcd_spi_169.o(i.SPI_LCD_Init)
    SVC_Handler                              0x08001855   Thumb Code     2  stm32f10x_it.o(i.SVC_Handler)
    Servo_SetAngle                           0x08001859   Thumb Code    48  pwm.o(i.Servo_SetAngle)
    SysTick_CLKSourceConfig                  0x0800197d   Thumb Code    40  misc.o(i.SysTick_CLKSourceConfig)
    SysTick_Handler                          0x080019a5   Thumb Code     2  stm32f10x_it.o(i.SysTick_Handler)
    SystemInit                               0x080019a9   Thumb Code    78  system_stm32f10x.o(i.SystemInit)
    TIM3init                                 0x08001a09   Thumb Code    42  timer3.o(i.TIM3init)
    TIM_ARRPreloadConfig                     0x08001a39   Thumb Code    24  stm32f10x_tim.o(i.TIM_ARRPreloadConfig)
    TIM_Cmd                                  0x08001a51   Thumb Code    24  stm32f10x_tim.o(i.TIM_Cmd)
    TIM_OC3Init                              0x08001a69   Thumb Code   150  stm32f10x_tim.o(i.TIM_OC3Init)
    TIM_OC3PreloadConfig                     0x08001b09   Thumb Code    18  stm32f10x_tim.o(i.TIM_OC3PreloadConfig)
    TIM_SetCompare3                          0x08001b1b   Thumb Code     4  stm32f10x_tim.o(i.TIM_SetCompare3)
    TIM_TimeBaseInit                         0x08001b21   Thumb Code   122  stm32f10x_tim.o(i.TIM_TimeBaseInit)
    UsageFault_Handler                       0x08001bc5   Thumb Code     4  stm32f10x_it.o(i.UsageFault_Handler)
    _is_digit                                0x08001bc9   Thumb Code    14  __printf_wp.o(i._is_digit)
    _sys_exit                                0x08001bd7   Thumb Code     4  usrat.o(i._sys_exit)
    arraysEqual                              0x08001bdb   Thumb Code    36  main.o(i.arraysEqual)
    change_password                          0x08001c01   Thumb Code   244  main.o(i.change_password)
    delay_init                               0x08001d95   Thumb Code    50  delay.o(i.delay_init)
    delay_ms                                 0x08001dd9   Thumb Code    72  delay.o(i.delay_ms)
    input_password                           0x08001e25   Thumb Code   168  main.o(i.input_password)
    main                                     0x08001ee9   Thumb Code   260  main.o(i.main)
    open_password                            0x08002085   Thumb Code   260  main.o(i.open_password)
    setupPassword                            0x080021ed   Thumb Code    56  main.o(i.setupPassword)
    __aeabi_fadd                             0x08002239   Thumb Code     0  faddsub_clz.o(x$fpl$fadd)
    _fadd                                    0x08002239   Thumb Code   196  faddsub_clz.o(x$fpl$fadd)
    __aeabi_fdiv                             0x080022fd   Thumb Code     0  fdiv.o(x$fpl$fdiv)
    _fdiv                                    0x080022fd   Thumb Code   384  fdiv.o(x$fpl$fdiv)
    __aeabi_f2uiz                            0x08002481   Thumb Code     0  ffixu.o(x$fpl$ffixu)
    _ffixu                                   0x08002481   Thumb Code    62  ffixu.o(x$fpl$ffixu)
    __aeabi_fmul                             0x080024c1   Thumb Code     0  fmul.o(x$fpl$fmul)
    _fmul                                    0x080024c1   Thumb Code   258  fmul.o(x$fpl$fmul)
    __fpl_fnaninf                            0x080025c3   Thumb Code   140  fnaninf.o(x$fpl$fnaninf)
    __fpl_fretinf                            0x0800264f   Thumb Code    10  fretinf.o(x$fpl$fretinf)
    __aeabi_fsub                             0x08002659   Thumb Code     0  faddsub_clz.o(x$fpl$fsub)
    _fsub                                    0x08002659   Thumb Code   234  faddsub_clz.o(x$fpl$fsub)
    Chinese_1212                             0x08002742   Data         480  lcd_fonts.o(.constdata)
    __I$use$fp                               0x08002742   Number         0  usenofp.o(x$fpl$usenofp)
    Chinese_1616                             0x08002922   Data         640  lcd_fonts.o(.constdata)
    Chinese_2020                             0x08002ba2   Data        1200  lcd_fonts.o(.constdata)
    Chinese_2424                             0x08003052   Data        4680  lcd_fonts.o(.constdata)
    Chinese_3232                             0x0800429a   Data        2560  lcd_fonts.o(.constdata)
    ASCII_3216_Table                         0x08004c9a   Data        6080  lcd_fonts.o(.constdata)
    ASCII_2412_Table                         0x0800645a   Data        4560  lcd_fonts.o(.constdata)
    ASCII_2010_Table                         0x0800762a   Data        3800  lcd_fonts.o(.constdata)
    ASCII_1608_Table                         0x08008502   Data        1520  lcd_fonts.o(.constdata)
    ASCII_1206_Table                         0x08008af2   Data        1140  lcd_fonts.o(.constdata)
    Region$$Table$$Base                      0x08008f78   Number         0  anon$$obj.o(Region$$Table)
    Region$$Table$$Limit                     0x08008f98   Number         0  anon$$obj.o(Region$$Table)
    SystemCoreClock                          0x20000000   Data           4  system_stm32f10x.o(.data)
    AHBPrescTable                            0x20000004   Data          16  system_stm32f10x.o(.data)
    key                                      0x20000014   Data           1  main.o(.data)
    retraction                               0x20000015   Data           1  main.o(.data)
    initialized                              0x20000018   Data           4  main.o(.data)
    flag                                     0x2000001c   Data           4  main.o(.data)
    shield                                   0x20000020   Data           1  main.o(.data)
    FLAG                                     0x20000021   Data           1  key.o(.data)
    CH_Font12                                0x2000002c   Data          12  lcd_fonts.o(.data)
    CH_Font16                                0x20000038   Data          12  lcd_fonts.o(.data)
    CH_Font20                                0x20000044   Data          12  lcd_fonts.o(.data)
    CH_Font24                                0x20000050   Data          12  lcd_fonts.o(.data)
    CH_Font32                                0x2000005c   Data          12  lcd_fonts.o(.data)
    ASCII_Font32                             0x20000068   Data          12  lcd_fonts.o(.data)
    ASCII_Font24                             0x20000074   Data          12  lcd_fonts.o(.data)
    ASCII_Font20                             0x20000080   Data          12  lcd_fonts.o(.data)
    ASCII_Font16                             0x2000008c   Data          12  lcd_fonts.o(.data)
    ASCII_Font12                             0x20000098   Data          12  lcd_fonts.o(.data)
    password                                 0x200000a8   Data          52  main.o(.bss)
    password_check_1                         0x200000dc   Data          52  main.o(.bss)
    password_check_2                         0x20000110   Data          52  main.o(.bss)
    LCD_Buff                                 0x20000144   Data        2048  lcd_spi_169.o(.bss)
    LCD                                      0x20000944   Data          16  lcd_spi_169.o(.bss)
    __libspace_start                         0x20000954   Data          96  libspace.o(.bss)
    __temporary_stack_top$libspace           0x200009b4   Data           0  libspace.o(.bss)



==============================================================================

Memory Map of the image

  Image Entry point : 0x08000131

  Load Region LR_IROM1 (Base: 0x08000000, Size: 0x00009040, Max: 0x00010000, ABSOLUTE)

    Execution Region ER_IROM1 (Exec base: 0x08000000, Load base: 0x08000000, Size: 0x00008f98, Max: 0x00010000, ABSOLUTE)

    Exec Addr    Load Addr    Size         Type   Attr      Idx    E Section Name        Object

    0x08000000   0x08000000   0x00000130   Data   RO            3    RESET               startup_stm32f10x_hd.o
    0x08000130   0x08000130   0x00000008   Code   RO         3878  * !!!main             c_w.l(__main.o)
    0x08000138   0x08000138   0x00000034   Code   RO         4120    !!!scatter          c_w.l(__scatter.o)
    0x0800016c   0x0800016c   0x0000001a   Code   RO         4122    !!handler_copy      c_w.l(__scatter_copy.o)
    0x08000186   0x08000186   0x00000002   PAD
    0x08000188   0x08000188   0x0000001c   Code   RO         4124    !!handler_zi        c_w.l(__scatter_zi.o)
    0x080001a4   0x080001a4   0x00000000   Code   RO         3871    .ARM.Collect$$_printf_percent$$00000000  c_w.l(_printf_percent.o)
    0x080001a4   0x080001a4   0x00000006   Code   RO         3869    .ARM.Collect$$_printf_percent$$00000009  c_w.l(_printf_d.o)
    0x080001aa   0x080001aa   0x00000004   Code   RO         3917    .ARM.Collect$$_printf_percent$$00000017  c_w.l(_printf_percent_end.o)
    0x080001ae   0x080001ae   0x00000002   Code   RO         3997    .ARM.Collect$$libinit$$00000000  c_w.l(libinit.o)
    0x080001b0   0x080001b0   0x00000000   Code   RO         3999    .ARM.Collect$$libinit$$00000002  c_w.l(libinit2.o)
    0x080001b0   0x080001b0   0x00000000   Code   RO         4001    .ARM.Collect$$libinit$$00000004  c_w.l(libinit2.o)
    0x080001b0   0x080001b0   0x00000000   Code   RO         4004    .ARM.Collect$$libinit$$0000000A  c_w.l(libinit2.o)
    0x080001b0   0x080001b0   0x00000000   Code   RO         4006    .ARM.Collect$$libinit$$0000000C  c_w.l(libinit2.o)
    0x080001b0   0x080001b0   0x00000000   Code   RO         4008    .ARM.Collect$$libinit$$0000000E  c_w.l(libinit2.o)
    0x080001b0   0x080001b0   0x00000000   Code   RO         4011    .ARM.Collect$$libinit$$00000011  c_w.l(libinit2.o)
    0x080001b0   0x080001b0   0x00000000   Code   RO         4013    .ARM.Collect$$libinit$$00000013  c_w.l(libinit2.o)
    0x080001b0   0x080001b0   0x00000000   Code   RO         4015    .ARM.Collect$$libinit$$00000015  c_w.l(libinit2.o)
    0x080001b0   0x080001b0   0x00000000   Code   RO         4017    .ARM.Collect$$libinit$$00000017  c_w.l(libinit2.o)
    0x080001b0   0x080001b0   0x00000000   Code   RO         4019    .ARM.Collect$$libinit$$00000019  c_w.l(libinit2.o)
    0x080001b0   0x080001b0   0x00000000   Code   RO         4021    .ARM.Collect$$libinit$$0000001B  c_w.l(libinit2.o)
    0x080001b0   0x080001b0   0x00000000   Code   RO         4023    .ARM.Collect$$libinit$$0000001D  c_w.l(libinit2.o)
    0x080001b0   0x080001b0   0x00000000   Code   RO         4025    .ARM.Collect$$libinit$$0000001F  c_w.l(libinit2.o)
    0x080001b0   0x080001b0   0x00000000   Code   RO         4027    .ARM.Collect$$libinit$$00000021  c_w.l(libinit2.o)
    0x080001b0   0x080001b0   0x00000000   Code   RO         4029    .ARM.Collect$$libinit$$00000023  c_w.l(libinit2.o)
    0x080001b0   0x080001b0   0x00000000   Code   RO         4031    .ARM.Collect$$libinit$$00000025  c_w.l(libinit2.o)
    0x080001b0   0x080001b0   0x00000000   Code   RO         4035    .ARM.Collect$$libinit$$0000002C  c_w.l(libinit2.o)
    0x080001b0   0x080001b0   0x00000000   Code   RO         4037    .ARM.Collect$$libinit$$0000002E  c_w.l(libinit2.o)
    0x080001b0   0x080001b0   0x00000000   Code   RO         4039    .ARM.Collect$$libinit$$00000030  c_w.l(libinit2.o)
    0x080001b0   0x080001b0   0x00000000   Code   RO         4041    .ARM.Collect$$libinit$$00000032  c_w.l(libinit2.o)
    0x080001b0   0x080001b0   0x00000002   Code   RO         4042    .ARM.Collect$$libinit$$00000033  c_w.l(libinit2.o)
    0x080001b2   0x080001b2   0x00000002   Code   RO         4070    .ARM.Collect$$libshutdown$$00000000  c_w.l(libshutdown.o)
    0x080001b4   0x080001b4   0x00000000   Code   RO         4079    .ARM.Collect$$libshutdown$$00000002  c_w.l(libshutdown2.o)
    0x080001b4   0x080001b4   0x00000000   Code   RO         4081    .ARM.Collect$$libshutdown$$00000004  c_w.l(libshutdown2.o)
    0x080001b4   0x080001b4   0x00000000   Code   RO         4084    .ARM.Collect$$libshutdown$$00000007  c_w.l(libshutdown2.o)
    0x080001b4   0x080001b4   0x00000000   Code   RO         4087    .ARM.Collect$$libshutdown$$0000000A  c_w.l(libshutdown2.o)
    0x080001b4   0x080001b4   0x00000000   Code   RO         4089    .ARM.Collect$$libshutdown$$0000000C  c_w.l(libshutdown2.o)
    0x080001b4   0x080001b4   0x00000000   Code   RO         4092    .ARM.Collect$$libshutdown$$0000000F  c_w.l(libshutdown2.o)
    0x080001b4   0x080001b4   0x00000002   Code   RO         4093    .ARM.Collect$$libshutdown$$00000010  c_w.l(libshutdown2.o)
    0x080001b6   0x080001b6   0x00000000   Code   RO         3908    .ARM.Collect$$rtentry$$00000000  c_w.l(__rtentry.o)
    0x080001b6   0x080001b6   0x00000000   Code   RO         3926    .ARM.Collect$$rtentry$$00000002  c_w.l(__rtentry2.o)
    0x080001b6   0x080001b6   0x00000006   Code   RO         3938    .ARM.Collect$$rtentry$$00000004  c_w.l(__rtentry4.o)
    0x080001bc   0x080001bc   0x00000000   Code   RO         3928    .ARM.Collect$$rtentry$$00000009  c_w.l(__rtentry2.o)
    0x080001bc   0x080001bc   0x00000004   Code   RO         3929    .ARM.Collect$$rtentry$$0000000A  c_w.l(__rtentry2.o)
    0x080001c0   0x080001c0   0x00000000   Code   RO         3931    .ARM.Collect$$rtentry$$0000000C  c_w.l(__rtentry2.o)
    0x080001c0   0x080001c0   0x00000008   Code   RO         3932    .ARM.Collect$$rtentry$$0000000D  c_w.l(__rtentry2.o)
    0x080001c8   0x080001c8   0x00000002   Code   RO         4043    .ARM.Collect$$rtexit$$00000000  c_w.l(rtexit.o)
    0x080001ca   0x080001ca   0x00000000   Code   RO         4050    .ARM.Collect$$rtexit$$00000002  c_w.l(rtexit2.o)
    0x080001ca   0x080001ca   0x00000004   Code   RO         4051    .ARM.Collect$$rtexit$$00000003  c_w.l(rtexit2.o)
    0x080001ce   0x080001ce   0x00000006   Code   RO         4052    .ARM.Collect$$rtexit$$00000004  c_w.l(rtexit2.o)
    0x080001d4   0x080001d4   0x00000040   Code   RO            4    .text               startup_stm32f10x_hd.o
    0x08000214   0x08000214   0x00000002   Code   RO         3837    .text               c_w.l(use_no_semi_2.o)
    0x08000216   0x08000216   0x00000002   PAD
    0x08000218   0x08000218   0x00000028   Code   RO         3841    .text               c_w.l(noretval__2sprintf.o)
    0x08000240   0x08000240   0x0000004e   Code   RO         3845    .text               c_w.l(_printf_pad.o)
    0x0800028e   0x0800028e   0x00000002   PAD
    0x08000290   0x08000290   0x00000078   Code   RO         3847    .text               c_w.l(_printf_dec.o)
    0x08000308   0x08000308   0x00000188   Code   RO         3866    .text               c_w.l(__printf_flags_ss_wp.o)
    0x08000490   0x08000490   0x00000064   Code   RO         3872    .text               c_w.l(rt_memcpy_w.o)
    0x080004f4   0x080004f4   0x0000004e   Code   RO         3874    .text               c_w.l(rt_memclr_w.o)
    0x08000542   0x08000542   0x00000006   Code   RO         3876    .text               c_w.l(heapauxi.o)
    0x08000548   0x08000548   0x00000002   Code   RO         3906    .text               c_w.l(use_no_semi.o)
    0x0800054a   0x0800054a   0x000000b2   Code   RO         3909    .text               c_w.l(_printf_intcommon.o)
    0x080005fc   0x080005fc   0x00000030   Code   RO         3913    .text               c_w.l(_printf_char_common.o)
    0x0800062c   0x0800062c   0x0000000a   Code   RO         3915    .text               c_w.l(_sputc.o)
    0x08000636   0x08000636   0x00000002   PAD
    0x08000638   0x08000638   0x00000008   Code   RO         3983    .text               c_w.l(libspace.o)
    0x08000640   0x08000640   0x0000004a   Code   RO         3986    .text               c_w.l(sys_stackheap_outer.o)
    0x0800068a   0x0800068a   0x00000012   Code   RO         3988    .text               c_w.l(exit.o)
    0x0800069c   0x0800069c   0x00000004   Code   RO         3200    i.BusFault_Handler  stm32f10x_it.o
    0x080006a0   0x080006a0   0x00000002   Code   RO         3201    i.DebugMon_Handler  stm32f10x_it.o
    0x080006a2   0x080006a2   0x00000002   PAD
    0x080006a4   0x080006a4   0x0000005c   Code   RO         3813    i.EXTI9_5_IRQHandler  exti.o
    0x08000700   0x08000700   0x00000050   Code   RO         3814    i.EXTIX_Init        exti.o
    0x08000750   0x08000750   0x0000000c   Code   RO          939    i.EXTI_ClearITPendingBit  stm32f10x_exti.o
    0x0800075c   0x0800075c   0x00000094   Code   RO          944    i.EXTI_Init         stm32f10x_exti.o
    0x080007f0   0x080007f0   0x00000040   Code   RO         1289    i.GPIO_EXTILineConfig  stm32f10x_gpio.o
    0x08000830   0x08000830   0x00000116   Code   RO         1292    i.GPIO_Init         stm32f10x_gpio.o
    0x08000946   0x08000946   0x00000002   PAD
    0x08000948   0x08000948   0x00000090   Code   RO         1294    i.GPIO_PinRemapConfig  stm32f10x_gpio.o
    0x080009d8   0x080009d8   0x00000012   Code   RO         1296    i.GPIO_ReadInputDataBit  stm32f10x_gpio.o
    0x080009ea   0x080009ea   0x00000004   Code   RO         1299    i.GPIO_ResetBits    stm32f10x_gpio.o
    0x080009ee   0x080009ee   0x00000004   Code   RO         1300    i.GPIO_SetBits      stm32f10x_gpio.o
    0x080009f2   0x080009f2   0x00000004   Code   RO         1302    i.GPIO_Write        stm32f10x_gpio.o
    0x080009f6   0x080009f6   0x00000004   Code   RO         3202    i.HardFault_Handler  stm32f10x_it.o
    0x080009fa   0x080009fa   0x00000002   PAD
    0x080009fc   0x080009fc   0x00000050   Code   RO         3263    i.KEY_4x4_Init      key.o
    0x08000a4c   0x08000a4c   0x00000364   Code   RO         3264    i.KEY_Scan          key.o
    0x08000db0   0x08000db0   0x000000b8   Code   RO         3437    i.LCD_Clear         lcd_spi_169.o
    0x08000e68   0x08000e68   0x0000002a   Code   RO         3439    i.LCD_Delay         lcd_spi_169.o
    0x08000e92   0x08000e92   0x00000002   PAD
    0x08000e94   0x08000e94   0x000000e0   Code   RO         3440    i.LCD_DisplayChar   lcd_spi_169.o
    0x08000f74   0x08000f74   0x0000004c   Code   RO         3443    i.LCD_DisplayNumber  lcd_spi_169.o
    0x08000fc0   0x08000fc0   0x00000038   Code   RO         3444    i.LCD_DisplayString  lcd_spi_169.o
    0x08000ff8   0x08000ff8   0x000000a4   Code   RO         3456    i.LCD_GPIO_Config   lcd_spi_169.o
    0x0800109c   0x0800109c   0x0000005c   Code   RO         3457    i.LCD_SPI_Config    lcd_spi_169.o
    0x080010f8   0x080010f8   0x0000007c   Code   RO         3458    i.LCD_SetAddress    lcd_spi_169.o
    0x08001174   0x08001174   0x0000000c   Code   RO         3459    i.LCD_SetAsciiFont  lcd_spi_169.o
    0x08001180   0x08001180   0x00000028   Code   RO         3460    i.LCD_SetBackColor  lcd_spi_169.o
    0x080011a8   0x080011a8   0x00000028   Code   RO         3461    i.LCD_SetColor      lcd_spi_169.o
    0x080011d0   0x080011d0   0x000000c8   Code   RO         3462    i.LCD_SetDirection  lcd_spi_169.o
    0x08001298   0x08001298   0x0000006c   Code   RO         3463    i.LCD_SetTextFont   lcd_spi_169.o
    0x08001304   0x08001304   0x0000000c   Code   RO         3464    i.LCD_ShowNumMode   lcd_spi_169.o
    0x08001310   0x08001310   0x00000094   Code   RO         3465    i.LCD_WriteBuff     lcd_spi_169.o
    0x080013a4   0x080013a4   0x0000004c   Code   RO         3466    i.LCD_WriteCommand  lcd_spi_169.o
    0x080013f0   0x080013f0   0x0000002c   Code   RO         3467    i.LCD_WriteData_16bit  lcd_spi_169.o
    0x0800141c   0x0800141c   0x00000018   Code   RO         3468    i.LCD_WriteData_8bit  lcd_spi_169.o
    0x08001434   0x08001434   0x00000078   Code   RO         3295    i.LED_GPIO_Config   led.o
    0x080014ac   0x080014ac   0x00000038   Code   RO         3296    i.LED_change        led.o
    0x080014e4   0x080014e4   0x00000004   Code   RO         3203    i.MemManage_Handler  stm32f10x_it.o
    0x080014e8   0x080014e8   0x00000002   Code   RO         3204    i.NMI_Handler       stm32f10x_it.o
    0x080014ea   0x080014ea   0x00000002   PAD
    0x080014ec   0x080014ec   0x00000070   Code   RO          137    i.NVIC_Init         misc.o
    0x0800155c   0x0800155c   0x00000014   Code   RO         3785    i.PWM_SetCompare3   pwm.o
    0x08001570   0x08001570   0x00000002   Code   RO         3205    i.PendSV_Handler    stm32f10x_it.o
    0x08001572   0x08001572   0x00000002   PAD
    0x08001574   0x08001574   0x00000074   Code   RO         3786    i.Pwm_Init          pwm.o
    0x080015e8   0x080015e8   0x00000020   Code   RO         1708    i.RCC_APB1PeriphClockCmd  stm32f10x_rcc.o
    0x08001608   0x08001608   0x00000020   Code   RO         1710    i.RCC_APB2PeriphClockCmd  stm32f10x_rcc.o
    0x08001628   0x08001628   0x00000018   Code   RO         2187    i.SPI_Cmd           stm32f10x_spi.o
    0x08001640   0x08001640   0x0000003c   Code   RO         2200    i.SPI_Init          stm32f10x_spi.o
    0x0800167c   0x0800167c   0x000001d8   Code   RO         3469    i.SPI_LCD_Init      lcd_spi_169.o
    0x08001854   0x08001854   0x00000002   Code   RO         3206    i.SVC_Handler       stm32f10x_it.o
    0x08001856   0x08001856   0x00000002   PAD
    0x08001858   0x08001858   0x0000003c   Code   RO         3787    i.Servo_SetAngle    pwm.o
    0x08001894   0x08001894   0x00000008   Code   RO           24    i.SetSysClock       system_stm32f10x.o
    0x0800189c   0x0800189c   0x000000e0   Code   RO           25    i.SetSysClockTo72   system_stm32f10x.o
    0x0800197c   0x0800197c   0x00000028   Code   RO          141    i.SysTick_CLKSourceConfig  misc.o
    0x080019a4   0x080019a4   0x00000002   Code   RO         3207    i.SysTick_Handler   stm32f10x_it.o
    0x080019a6   0x080019a6   0x00000002   PAD
    0x080019a8   0x080019a8   0x00000060   Code   RO           27    i.SystemInit        system_stm32f10x.o
    0x08001a08   0x08001a08   0x00000030   Code   RO         3714    i.TIM3init          timer3.o
    0x08001a38   0x08001a38   0x00000018   Code   RO         2330    i.TIM_ARRPreloadConfig  stm32f10x_tim.o
    0x08001a50   0x08001a50   0x00000018   Code   RO         2342    i.TIM_Cmd           stm32f10x_tim.o
    0x08001a68   0x08001a68   0x000000a0   Code   RO         2381    i.TIM_OC3Init       stm32f10x_tim.o
    0x08001b08   0x08001b08   0x00000012   Code   RO         2384    i.TIM_OC3PreloadConfig  stm32f10x_tim.o
    0x08001b1a   0x08001b1a   0x00000004   Code   RO         2405    i.TIM_SetCompare3   stm32f10x_tim.o
    0x08001b1e   0x08001b1e   0x00000002   PAD
    0x08001b20   0x08001b20   0x000000a4   Code   RO         2413    i.TIM_TimeBaseInit  stm32f10x_tim.o
    0x08001bc4   0x08001bc4   0x00000004   Code   RO         3208    i.UsageFault_Handler  stm32f10x_it.o
    0x08001bc8   0x08001bc8   0x0000000e   Code   RO         3859    i._is_digit         c_w.l(__printf_wp.o)
    0x08001bd6   0x08001bd6   0x00000004   Code   RO         3733    i._sys_exit         usrat.o
    0x08001bda   0x08001bda   0x00000024   Code   RO         3108    i.arraysEqual       main.o
    0x08001bfe   0x08001bfe   0x00000002   PAD
    0x08001c00   0x08001c00   0x00000194   Code   RO         3109    i.change_password   main.o
    0x08001d94   0x08001d94   0x00000044   Code   RO         3674    i.delay_init        delay.o
    0x08001dd8   0x08001dd8   0x0000004c   Code   RO         3675    i.delay_ms          delay.o
    0x08001e24   0x08001e24   0x000000c4   Code   RO         3110    i.input_password    main.o
    0x08001ee8   0x08001ee8   0x0000019c   Code   RO         3111    i.main              main.o
    0x08002084   0x08002084   0x00000168   Code   RO         3112    i.open_password     main.o
    0x080021ec   0x080021ec   0x0000004c   Code   RO         3113    i.setupPassword     main.o
    0x08002238   0x08002238   0x000000c4   Code   RO         3880    x$fpl$fadd          fz_ws.l(faddsub_clz.o)
    0x080022fc   0x080022fc   0x00000184   Code   RO         3887    x$fpl$fdiv          fz_ws.l(fdiv.o)
    0x08002480   0x08002480   0x0000003e   Code   RO         3890    x$fpl$ffixu         fz_ws.l(ffixu.o)
    0x080024be   0x080024be   0x00000002   PAD
    0x080024c0   0x080024c0   0x00000102   Code   RO         3902    x$fpl$fmul          fz_ws.l(fmul.o)
    0x080025c2   0x080025c2   0x0000008c   Code   RO         3920    x$fpl$fnaninf       fz_ws.l(fnaninf.o)
    0x0800264e   0x0800264e   0x0000000a   Code   RO         3922    x$fpl$fretinf       fz_ws.l(fretinf.o)
    0x08002658   0x08002658   0x000000ea   Code   RO         3882    x$fpl$fsub          fz_ws.l(faddsub_clz.o)
    0x08002742   0x08002742   0x00000000   Code   RO         3924    x$fpl$usenofp       fz_ws.l(usenofp.o)
    0x08002742   0x08002742   0x00006824   Data   RO         3649    .constdata          lcd_fonts.o
    0x08008f66   0x08008f66   0x00000011   Data   RO         3867    .constdata          c_w.l(__printf_flags_ss_wp.o)
    0x08008f77   0x08008f77   0x00000001   PAD
    0x08008f78   0x08008f78   0x00000020   Data   RO         4118    Region$$Table       anon$$obj.o


    Execution Region RW_IRAM1 (Exec base: 0x20000000, Load base: 0x08008f98, Size: 0x00000fb8, Max: 0x00005000, ABSOLUTE)

    Exec Addr    Load Addr    Size         Type   Attr      Idx    E Section Name        Object

    0x20000000   0x08008f98   0x00000014   Data   RW           28    .data               system_stm32f10x.o
    0x20000014   0x08008fac   0x0000000d   Data   RW         3115    .data               main.o
    0x20000021   0x08008fb9   0x00000001   Data   RW         3265    .data               key.o
    0x20000022   0x08008fba   0x00000001   Data   RW         3297    .data               led.o
    0x20000023   0x08008fbb   0x00000001   PAD
    0x20000024   0x08008fbc   0x00000008   Data   RW         3471    .data               lcd_spi_169.o
    0x2000002c   0x08008fc4   0x00000078   Data   RW         3650    .data               lcd_fonts.o
    0x200000a4   0x0800903c   0x00000004   Data   RW         3677    .data               delay.o
    0x200000a8        -       0x0000009c   Zero   RW         3114    .bss                main.o
    0x20000144        -       0x00000810   Zero   RW         3470    .bss                lcd_spi_169.o
    0x20000954        -       0x00000060   Zero   RW         3984    .bss                c_w.l(libspace.o)
    0x200009b4   0x08009040   0x00000004   PAD
    0x200009b8        -       0x00000200   Zero   RW            2    HEAP                startup_stm32f10x_hd.o
    0x20000bb8        -       0x00000400   Zero   RW            1    STACK               startup_stm32f10x_hd.o


==============================================================================

Image component sizes


      Code (inc. data)   RO Data    RW Data    ZI Data      Debug   Object Name

         0          0          0          0          0       4508   core_cm3.o
       144         22          0          4          0       1136   delay.o
       172         16          0          0          0        994   exti.o
       948         16          0          1          0       2105   key.o
         0          0      26660        120          0       2027   lcd_fonts.o
      2138        184          0          8       2064      12086   lcd_spi_169.o
       176         30          0          1          0        959   led.o
      1484        460          0         13        156       5289   main.o
       152         12          0          0          0       1614   misc.o
       196         26          0          0          0       1538   pwm.o
        64         26        304          0       1536        848   startup_stm32f10x_hd.o
       160         12          0          0          0       1569   stm32f10x_exti.o
       516         10          0          0          0       5641   stm32f10x_gpio.o
        26          0          0          0          0       3838   stm32f10x_it.o
        64         12          0          0          0       1114   stm32f10x_rcc.o
        84          0          0          0          0       2205   stm32f10x_spi.o
       394         52          0          0          0       4159   stm32f10x_tim.o
       328         28          0         20          0     243577   system_stm32f10x.o
        48          6          0          0          0        575   timer3.o
         4          0          0          0          0        436   usrat.o

    ----------------------------------------------------------------------
      7118        912      26996        168       3756     296218   Object Totals
         0          0         32          0          0          0   (incl. Generated)
        20          0          0          1          0          0   (incl. Padding)

    ----------------------------------------------------------------------

      Code (inc. data)   RO Data    RW Data    ZI Data      Debug   Library Member Name

         8          0          0          0          0         68   __main.o
       392          4         17          0          0         92   __printf_flags_ss_wp.o
        14          0          0          0          0         68   __printf_wp.o
         0          0          0          0          0          0   __rtentry.o
        12          0          0          0          0          0   __rtentry2.o
         6          0          0          0          0          0   __rtentry4.o
        52          8          0          0          0          0   __scatter.o
        26          0          0          0          0          0   __scatter_copy.o
        28          0          0          0          0          0   __scatter_zi.o
        48          6          0          0          0         96   _printf_char_common.o
         6          0          0          0          0          0   _printf_d.o
       120         16          0          0          0         92   _printf_dec.o
       178          0          0          0          0         88   _printf_intcommon.o
        78          0          0          0          0        108   _printf_pad.o
         0          0          0          0          0          0   _printf_percent.o
         4          0          0          0          0          0   _printf_percent_end.o
        10          0          0          0          0         68   _sputc.o
        18          0          0          0          0         80   exit.o
         6          0          0          0          0        152   heapauxi.o
         2          0          0          0          0          0   libinit.o
         2          0          0          0          0          0   libinit2.o
         2          0          0          0          0          0   libshutdown.o
         2          0          0          0          0          0   libshutdown2.o
         8          4          0          0         96         68   libspace.o
        40          6          0          0          0         84   noretval__2sprintf.o
        78          0          0          0          0         80   rt_memclr_w.o
       100          0          0          0          0         80   rt_memcpy_w.o
         2          0          0          0          0          0   rtexit.o
        10          0          0          0          0          0   rtexit2.o
        74          0          0          0          0         80   sys_stackheap_outer.o
         2          0          0          0          0         68   use_no_semi.o
         2          0          0          0          0         68   use_no_semi_2.o
       430          8          0          0          0        168   faddsub_clz.o
       388         76          0          0          0         96   fdiv.o
        62          4          0          0          0         84   ffixu.o
       258          4          0          0          0         84   fmul.o
       140          4          0          0          0         84   fnaninf.o
        10          0          0          0          0         68   fretinf.o
         0          0          0          0          0          0   usenofp.o

    ----------------------------------------------------------------------
      2628        140         18          0        100       2024   Library Totals
        10          0          1          0          4          0   (incl. Padding)

    ----------------------------------------------------------------------

      Code (inc. data)   RO Data    RW Data    ZI Data      Debug   Library Name

      1330         44         17          0         96       1440   c_w.l
      1288         96          0          0          0        584   fz_ws.l

    ----------------------------------------------------------------------
      2628        140         18          0        100       2024   Library Totals

    ----------------------------------------------------------------------

==============================================================================


      Code (inc. data)   RO Data    RW Data    ZI Data      Debug   

      9746       1052      27014        168       3856     293766   Grand Totals
      9746       1052      27014        168       3856     293766   ELF Image Totals
      9746       1052      27014        168          0          0   ROM Totals

==============================================================================

    Total RO  Size (Code + RO Data)                36760 (  35.90kB)
    Total RW  Size (RW Data + ZI Data)              4024 (   3.93kB)
    Total ROM Size (Code + RO Data + RW Data)      36928 (  36.06kB)

==============================================================================

